<html>
<body>
<pre>
<h1>µVision Build Log</h1>
<h2>Tool Versions:</h2>
IDE-Version: ¦ÌVision V5.25.2.0
Copyright (C) 2018 ARM Ltd and ARM Germany GmbH. All rights reserved.
License Information: lbg lbg, lbg, LIC=Y2B2Z-J2ZSI-24MSS-LWS7S-JFC88-YWIFT
 
Tool Versions:
Toolchain:       MDK-ARM Professional  Version: 5.25.2.0
Toolchain Path:  C:\Keil_v5\ARM\ARMCC\Bin
C Compiler:      Armcc.exe V5.06 update 6 (build 750)
Assembler:       Armasm.exe V5.06 update 6 (build 750)
Linker/Locator:  ArmLink.exe V5.06 update 6 (build 750)
Library Manager: ArmAr.exe V5.06 update 6 (build 750)
Hex Converter:   FromElf.exe V5.06 update 6 (build 750)
CPU DLL:         SARMCM3.DLL V5.25.2.0
Dialog DLL:      DCM.DLL V1.17.1.0
Target DLL:      STLink\ST-LINKIII-KEIL_SWO.dll V3.0.1.0
Dialog DLL:      TCM.DLL V1.35.1.0
 
<h2>Project:</h2>
I:\Work\Work\lbg\stm32_souce\SmartGreenhouseSystem001\MDK-ARM\SmartGreenhouseSystem001.uvprojx
Project File Date:  11/16/2019

<h2>Output:</h2>
*** Using Compiler 'V5.06 update 6 (build 750)', folder: 'C:\Keil_v5\ARM\ARMCC\Bin'
Build target 'SmartGreenhouseSystem001'
compiling usart.c...
compiling main.c...
compiling stm32f1xx_it.c...
compiling Esp8266.c...
compiling Debug.c...
compiling App.c...
..\APP\Src\App.c(4): warning:  #188-D: enumerated type mixed with another type
  SysValueStr sysValueSta={0};
..\APP\Src\App.c(134): warning:  #223-D: function "STMFLASH_Read_Data" declared implicitly
  	STMFLASH_Read_Data( (uint32_t)DEVICENAMEADDR, &len,1); 
..\APP\Src\App.c(142): warning:  #223-D: function "STMFLASH_Write_Data" declared implicitly
  		STMFLASH_Write_Data( (uint32_t)DEVICENAMEADDR,datatemp,len+1);
..\APP\Src\App.c(170): warning:  #223-D: function "STMFLASH_Write_Data" declared implicitly
  			STMFLASH_Write_Data( (uint32_t)APIKEYNAMEADDR,datatemp,len+1);
..\APP\Src\App.c: 4 warnings, 0 errors
compiling dht11.c...
compiling delay.c...
compiling Time.c...
compiling warning.c...
compiling lightSensor.c...
compiling oled.c...
compiling dataSave.c...
linking...
Program Size: Code=16748 RO-data=2036 RW-data=828 ZI-data=12348  
FromELF: creating hex file...
"SmartGreenhouseSystem001\SmartGreenhouseSystem001.axf" - 0 Error(s), 4 Warning(s).

<h2>Software Packages used:</h2>

Package Vendor: ARM
                http://www.keil.com/pack/ARM.CMSIS.5.3.0.pack
                ARM.CMSIS.5.3.0
                CMSIS (Cortex Microcontroller Software Interface Standard)
   * Component: CORE Version: 5.1.1

Package Vendor: Keil
                http://www.keil.com/pack/Keil.STM32F1xx_DFP.2.2.0.pack
                Keil.STM32F1xx_DFP.2.2.0
                STMicroelectronics STM32F1 Series Device Support, Drivers and Examples

<h2>Collection of Component include folders:</h2>
  .\RTE\_SmartGreenhouseSystem001
  C:\Keil_v5\ARM\PACK\ARM\CMSIS\5.3.0\CMSIS\Include
  C:\Keil_v5\ARM\PACK\Keil\STM32F1xx_DFP\2.2.0\Device\Include

<h2>Collection of Component Files used:</h2>

   * Component: ARM::CMSIS:CORE:5.1.1
Build Time Elapsed:  00:00:16
</pre>
</body>
</html>
