Component: ARM Compiler 5.06 update 6 (build 750) Tool: armlink [4d35ed]

==============================================================================

Section Cross References

    startup_stm32f103xb.o(RESET) refers to startup_stm32f103xb.o(STACK) for __initial_sp
    startup_stm32f103xb.o(RESET) refers to startup_stm32f103xb.o(.text) for Reset_Handler
    startup_stm32f103xb.o(RESET) refers to stm32f1xx_it.o(i.NMI_Handler) for NMI_Handler
    startup_stm32f103xb.o(RESET) refers to stm32f1xx_it.o(i.HardFault_Handler) for HardFault_Handler
    startup_stm32f103xb.o(RESET) refers to stm32f1xx_it.o(i.MemManage_Handler) for MemManage_Handler
    startup_stm32f103xb.o(RESET) refers to stm32f1xx_it.o(i.BusFault_Handler) for BusFault_Handler
    startup_stm32f103xb.o(RESET) refers to stm32f1xx_it.o(i.UsageFault_Handler) for UsageFault_Handler
    startup_stm32f103xb.o(RESET) refers to stm32f1xx_it.o(i.SVC_Handler) for SVC_Handler
    startup_stm32f103xb.o(RESET) refers to stm32f1xx_it.o(i.DebugMon_Handler) for DebugMon_Handler
    startup_stm32f103xb.o(RESET) refers to stm32f1xx_it.o(i.PendSV_Handler) for PendSV_Handler
    startup_stm32f103xb.o(RESET) refers to stm32f1xx_it.o(i.SysTick_Handler) for SysTick_Handler
    startup_stm32f103xb.o(RESET) refers to stm32f1xx_it.o(i.TIM3_IRQHandler) for TIM3_IRQHandler
    startup_stm32f103xb.o(RESET) refers to stm32f1xx_it.o(i.USART1_IRQHandler) for USART1_IRQHandler
    startup_stm32f103xb.o(RESET) refers to stm32f1xx_it.o(i.USART2_IRQHandler) for USART2_IRQHandler
    startup_stm32f103xb.o(.text) refers to system_stm32f1xx.o(i.SystemInit) for SystemInit
    startup_stm32f103xb.o(.text) refers to entry.o(.ARM.Collect$$$$00000000) for __main
    main.o(i.SystemClock_Config) refers to memseta.o(.text) for __aeabi_memclr4
    main.o(i.SystemClock_Config) refers to stm32f1xx_hal_rcc.o(i.HAL_RCC_OscConfig) for HAL_RCC_OscConfig
    main.o(i.SystemClock_Config) refers to stm32f1xx_hal_rcc.o(i.HAL_RCC_ClockConfig) for HAL_RCC_ClockConfig
    main.o(i.main) refers to stm32f1xx_hal.o(i.HAL_Init) for HAL_Init
    main.o(i.main) refers to main.o(i.SystemClock_Config) for SystemClock_Config
    main.o(i.main) refers to gpio.o(i.MX_GPIO_Init) for MX_GPIO_Init
    main.o(i.main) refers to tim.o(i.MX_TIM3_Init) for MX_TIM3_Init
    main.o(i.main) refers to stm32f1xx_hal_tim.o(i.HAL_TIM_Base_Start_IT) for HAL_TIM_Base_Start_IT
    main.o(i.main) refers to usart.o(i.MX_USART1_UART_Init) for MX_USART1_UART_Init
    main.o(i.main) refers to usart.o(i.MX_USART2_UART_Init) for MX_USART2_UART_Init
    main.o(i.main) refers to app.o(i.SysInit) for SysInit
    main.o(i.main) refers to app.o(i.AppTask) for AppTask
    main.o(i.main) refers to tim.o(.bss) for htim3
    gpio.o(i.MX_GPIO_Init) refers to stm32f1xx_hal_gpio.o(i.HAL_GPIO_WritePin) for HAL_GPIO_WritePin
    gpio.o(i.MX_GPIO_Init) refers to stm32f1xx_hal_gpio.o(i.HAL_GPIO_Init) for HAL_GPIO_Init
    tim.o(i.HAL_TIM_Base_MspDeInit) refers to stm32f1xx_hal_cortex.o(i.HAL_NVIC_DisableIRQ) for HAL_NVIC_DisableIRQ
    tim.o(i.HAL_TIM_Base_MspInit) refers to stm32f1xx_hal_cortex.o(i.HAL_NVIC_SetPriority) for HAL_NVIC_SetPriority
    tim.o(i.HAL_TIM_Base_MspInit) refers to stm32f1xx_hal_cortex.o(i.HAL_NVIC_EnableIRQ) for HAL_NVIC_EnableIRQ
    tim.o(i.MX_TIM3_Init) refers to stm32f1xx_hal_tim.o(i.HAL_TIM_Base_Init) for HAL_TIM_Base_Init
    tim.o(i.MX_TIM3_Init) refers to main.o(i.Error_Handler) for Error_Handler
    tim.o(i.MX_TIM3_Init) refers to stm32f1xx_hal_tim.o(i.HAL_TIM_ConfigClockSource) for HAL_TIM_ConfigClockSource
    tim.o(i.MX_TIM3_Init) refers to stm32f1xx_hal_tim_ex.o(i.HAL_TIMEx_MasterConfigSynchronization) for HAL_TIMEx_MasterConfigSynchronization
    tim.o(i.MX_TIM3_Init) refers to tim.o(.bss) for .bss
    usart.o(i.HAL_UART_MspDeInit) refers to stm32f1xx_hal_gpio.o(i.HAL_GPIO_DeInit) for HAL_GPIO_DeInit
    usart.o(i.HAL_UART_MspDeInit) refers to stm32f1xx_hal_cortex.o(i.HAL_NVIC_DisableIRQ) for HAL_NVIC_DisableIRQ
    usart.o(i.HAL_UART_MspInit) refers to stm32f1xx_hal_gpio.o(i.HAL_GPIO_Init) for HAL_GPIO_Init
    usart.o(i.HAL_UART_MspInit) refers to stm32f1xx_hal_cortex.o(i.HAL_NVIC_SetPriority) for HAL_NVIC_SetPriority
    usart.o(i.HAL_UART_MspInit) refers to stm32f1xx_hal_cortex.o(i.HAL_NVIC_EnableIRQ) for HAL_NVIC_EnableIRQ
    usart.o(i.MX_USART1_UART_Init) refers to stm32f1xx_hal_uart.o(i.HAL_UART_Init) for HAL_UART_Init
    usart.o(i.MX_USART1_UART_Init) refers to main.o(i.Error_Handler) for Error_Handler
    usart.o(i.MX_USART1_UART_Init) refers to stm32f1xx_hal_uart.o(i.HAL_UART_Receive_IT) for HAL_UART_Receive_IT
    usart.o(i.MX_USART1_UART_Init) refers to usart.o(.bss) for .bss
    usart.o(i.MX_USART1_UART_Init) refers to debug.o(.data) for DebugUart
    usart.o(i.MX_USART2_UART_Init) refers to stm32f1xx_hal_uart.o(i.HAL_UART_Init) for HAL_UART_Init
    usart.o(i.MX_USART2_UART_Init) refers to main.o(i.Error_Handler) for Error_Handler
[...]
    Removing oled.o(.rrx_text), (6 bytes).
    Removing oled.o(i.OLED_Display_Off), (30 bytes).
    Removing oled.o(i.OLED_Display_On), (30 bytes).
    Removing oled.o(i.OLED_DrawBMP), (64 bytes).
    Removing oled.o(i.OLED_ShowNum), (98 bytes).
    Removing oled.o(i.oled_pow), (16 bytes).
    Removing oled.o(.constdata), (552 bytes).
    Removing flashasve.o(.rev16_text), (4 bytes).
    Removing flashasve.o(.revsh_text), (4 bytes).
    Removing flashasve.o(.rrx_text), (6 bytes).
    Removing flashasve.o(i.STMFLASH_ReadHalfWord), (4 bytes).
    Removing flashasve.o(i.Test_Write), (12 bytes).
    Removing datasave.o(.rev16_text), (4 bytes).
    Removing datasave.o(.revsh_text), (4 bytes).
    Removing datasave.o(.rrx_text), (6 bytes).
    Removing datasave.o(.bss), (100 bytes).

400 unused section(s) (total 21825 bytes) removed from the image.

==============================================================================

Image Symbol Table

    Local Symbols

    Symbol Name                              Value     Ov Type        Size  Object(Section)

    ../Drivers/STM32F1xx_HAL_Driver/Src/stm32f1xx_hal.c 0x00000000   Number         0  stm32f1xx_hal.o ABSOLUTE
    ../Drivers/STM32F1xx_HAL_Driver/Src/stm32f1xx_hal_cortex.c 0x00000000   Number         0  stm32f1xx_hal_cortex.o ABSOLUTE
    ../Drivers/STM32F1xx_HAL_Driver/Src/stm32f1xx_hal_dma.c 0x00000000   Number         0  stm32f1xx_hal_dma.o ABSOLUTE
    ../Drivers/STM32F1xx_HAL_Driver/Src/stm32f1xx_hal_exti.c 0x00000000   Number         0  stm32f1xx_hal_exti.o ABSOLUTE
    ../Drivers/STM32F1xx_HAL_Driver/Src/stm32f1xx_hal_flash.c 0x00000000   Number         0  stm32f1xx_hal_flash.o ABSOLUTE
    ../Drivers/STM32F1xx_HAL_Driver/Src/stm32f1xx_hal_flash_ex.c 0x00000000   Number         0  stm32f1xx_hal_flash_ex.o ABSOLUTE
    ../Drivers/STM32F1xx_HAL_Driver/Src/stm32f1xx_hal_gpio.c 0x00000000   Number         0  stm32f1xx_hal_gpio.o ABSOLUTE
    ../Drivers/STM32F1xx_HAL_Driver/Src/stm32f1xx_hal_gpio_ex.c 0x00000000   Number         0  stm32f1xx_hal_gpio_ex.o ABSOLUTE
    ../Drivers/STM32F1xx_HAL_Driver/Src/stm32f1xx_hal_pwr.c 0x00000000   Number         0  stm32f1xx_hal_pwr.o ABSOLUTE
    ../Drivers/STM32F1xx_HAL_Driver/Src/stm32f1xx_hal_rcc.c 0x00000000   Number         0  stm32f1xx_hal_rcc.o ABSOLUTE
    ../Drivers/STM32F1xx_HAL_Driver/Src/stm32f1xx_hal_rcc_ex.c 0x00000000   Number         0  stm32f1xx_hal_rcc_ex.o ABSOLUTE
    ../Drivers/STM32F1xx_HAL_Driver/Src/stm32f1xx_hal_tim.c 0x00000000   Number         0  stm32f1xx_hal_tim.o ABSOLUTE
    ../Drivers/STM32F1xx_HAL_Driver/Src/stm32f1xx_hal_tim_ex.c 0x00000000   Number         0  stm32f1xx_hal_tim_ex.o ABSOLUTE
    ../Drivers/STM32F1xx_HAL_Driver/Src/stm32f1xx_hal_uart.c 0x00000000   Number         0  stm32f1xx_hal_uart.o ABSOLUTE
    ../Src/gpio.c                            0x00000000   Number         0  gpio.o ABSOLUTE
    ../Src/main.c                            0x00000000   Number         0  main.o ABSOLUTE
    ../Src/stm32f1xx_hal_msp.c               0x00000000   Number         0  stm32f1xx_hal_msp.o ABSOLUTE
    ../Src/stm32f1xx_it.c                    0x00000000   Number         0  stm32f1xx_it.o ABSOLUTE
    ../Src/sys.c                             0x00000000   Number         0  sys.o ABSOLUTE
    ../Src/system_stm32f1xx.c                0x00000000   Number         0  system_stm32f1xx.o ABSOLUTE
    ../Src/tim.c                             0x00000000   Number         0  tim.o ABSOLUTE
    ../Src/usart.c                           0x00000000   Number         0  usart.o ABSOLUTE
    ../clib/../cmprslib/zerorunl2.c          0x00000000   Number         0  __dczerorl2.o ABSOLUTE
    ../clib/microlib/division.c              0x00000000   Number         0  uldiv.o ABSOLUTE
    ../clib/microlib/division.c              0x00000000   Number         0  uidiv.o ABSOLUTE
    ../clib/microlib/init/entry.s            0x00000000   Number         0  entry11b.o ABSOLUTE
    ../clib/microlib/init/entry.s            0x00000000   Number         0  entry10b.o ABSOLUTE
    ../clib/microlib/init/entry.s            0x00000000   Number         0  entry11a.o ABSOLUTE
    ../clib/microlib/init/entry.s            0x00000000   Number         0  entry7a.o ABSOLUTE
    ../clib/microlib/init/entry.s            0x00000000   Number         0  entry7b.o ABSOLUTE
    ../clib/microlib/init/entry.s            0x00000000   Number         0  entry8a.o ABSOLUTE
    ../clib/microlib/init/entry.s            0x00000000   Number         0  entry8b.o ABSOLUTE
    ../clib/microlib/init/entry.s            0x00000000   Number         0  entry.o ABSOLUTE
    ../clib/microlib/init/entry.s            0x00000000   Number         0  entry9a.o ABSOLUTE
    ../clib/microlib/init/entry.s            0x00000000   Number         0  entry9b.o ABSOLUTE
    ../clib/microlib/init/entry.s            0x00000000   Number         0  entry10a.o ABSOLUTE
    ../clib/microlib/init/entry.s            0x00000000   Number         0  entry5.o ABSOLUTE
    ../clib/microlib/init/entry.s            0x00000000   Number         0  entry2.o ABSOLUTE
    ../clib/microlib/longlong.c              0x00000000   Number         0  llsshr.o ABSOLUTE
    ../clib/microlib/longlong.c              0x00000000   Number         0  llushr.o ABSOLUTE
    ../clib/microlib/longlong.c              0x00000000   Number         0  llshl.o ABSOLUTE
    ../clib/microlib/printf/printf.c         0x00000000   Number         0  printf6.o ABSOLUTE
    ../clib/microlib/printf/printf.c         0x00000000   Number         0  printf7.o ABSOLUTE
    ../clib/microlib/printf/printf.c         0x00000000   Number         0  printf8.o ABSOLUTE
    ../clib/microlib/printf/printf.c         0x00000000   Number         0  printfa.o ABSOLUTE
    ../clib/microlib/printf/printf.c         0x00000000   Number         0  printf5.o ABSOLUTE
    ../clib/microlib/printf/printf.c         0x00000000   Number         0  printf4.o ABSOLUTE
    ../clib/microlib/printf/printf.c         0x00000000   Number         0  printf3.o ABSOLUTE
    ../clib/microlib/printf/printf.c         0x00000000   Number         0  printf2.o ABSOLUTE
    ../clib/microlib/printf/printf.c         0x00000000   Number         0  printf1.o ABSOLUTE
    ../clib/microlib/printf/printf.c         0x00000000   Number         0  printf0.o ABSOLUTE
    ../clib/microlib/printf/printf.c         0x00000000   Number         0  printfb.o ABSOLUTE
    ../clib/microlib/printf/stubs.s          0x00000000   Number         0  stubs.o ABSOLUTE
    ../clib/microlib/stdio/fputc.c           0x00000000   Number         0  fputc.o ABSOLUTE
    ../clib/microlib/stdio/semi.s            0x00000000   Number         0  semi.o ABSOLUTE
    ../clib/microlib/stdio/streams.c         0x00000000   Number         0  stdout.o ABSOLUTE
    ../clib/microlib/string/memcpy.c         0x00000000   Number         0  memcpya.o ABSOLUTE
    ../clib/microlib/string/memcpy.c         0x00000000   Number         0  memcpyb.o ABSOLUTE
    ../clib/microlib/string/memset.c         0x00000000   Number         0  memseta.o ABSOLUTE
    ../clib/microlib/string/strcat.c         0x00000000   Number         0  strcat.o ABSOLUTE
    ../clib/microlib/string/strlen.c         0x00000000   Number         0  strlen.o ABSOLUTE
    ../clib/microlib/string/strstr.c         0x00000000   Number         0  strstr.o ABSOLUTE
    ../clib/microlib/stubs.s                 0x00000000   Number         0  iusefp.o ABSOLUTE
    ../clib/microlib/stubs.s                 0x00000000   Number         0  iusesemip.o ABSOLUTE
    ../fplib/microlib/fpadd.c                0x00000000   Number         0  dadd.o ABSOLUTE
    ../fplib/microlib/fpdiv.c                0x00000000   Number         0  ddiv.o ABSOLUTE
    ../fplib/microlib/fpepilogue.c           0x00000000   Number         0  depilogue.o ABSOLUTE
    ../fplib/microlib/fpfix.c                0x00000000   Number         0  dfixul.o ABSOLUTE
    ../fplib/microlib/fpmul.c                0x00000000   Number         0  dmul.o ABSOLUTE
    ..\APP\Src\App.c                         0x00000000   Number         0  app.o ABSOLUTE
    ..\APP\Src\Debug.c                       0x00000000   Number         0  debug.o ABSOLUTE
    ..\APP\Src\Esp8266.c                     0x00000000   Number         0  esp8266.o ABSOLUTE
    ..\APP\Src\Time.c                        0x00000000   Number         0  time.o ABSOLUTE
    ..\APP\Src\dataSave.c                    0x00000000   Number         0  datasave.o ABSOLUTE
    ..\APP\Src\delay.c                       0x00000000   Number         0  delay.o ABSOLUTE
    ..\APP\Src\dht11.c                       0x00000000   Number         0  dht11.o ABSOLUTE
    ..\APP\Src\flashaSve.c                   0x00000000   Number         0  flashasve.o ABSOLUTE
    ..\APP\Src\lightSensor.c                 0x00000000   Number         0  lightsensor.o ABSOLUTE
    ..\APP\Src\oled.c                        0x00000000   Number         0  oled.o ABSOLUTE
    ..\APP\Src\warning.c                     0x00000000   Number         0  warning.o ABSOLUTE
    ..\Drivers\STM32F1xx_HAL_Driver\Src\stm32f1xx_hal.c 0x00000000   Number         0  stm32f1xx_hal.o ABSOLUTE
    ..\Drivers\STM32F1xx_HAL_Driver\Src\stm32f1xx_hal_cortex.c 0x00000000   Number         0  stm32f1xx_hal_cortex.o ABSOLUTE
    ..\Drivers\STM32F1xx_HAL_Driver\Src\stm32f1xx_hal_dma.c 0x00000000   Number         0  stm32f1xx_hal_dma.o ABSOLUTE
    ..\Drivers\STM32F1xx_HAL_Driver\Src\stm32f1xx_hal_exti.c 0x00000000   Number         0  stm32f1xx_hal_exti.o ABSOLUTE
    ..\Drivers\STM32F1xx_HAL_Driver\Src\stm32f1xx_hal_flash.c 0x00000000   Number         0  stm32f1xx_hal_flash.o ABSOLUTE
    ..\Drivers\STM32F1xx_HAL_Driver\Src\stm32f1xx_hal_flash_ex.c 0x00000000   Number         0  stm32f1xx_hal_flash_ex.o ABSOLUTE
    ..\Drivers\STM32F1xx_HAL_Driver\Src\stm32f1xx_hal_gpio.c 0x00000000   Number         0  stm32f1xx_hal_gpio.o ABSOLUTE
    ..\Drivers\STM32F1xx_HAL_Driver\Src\stm32f1xx_hal_gpio_ex.c 0x00000000   Number         0  stm32f1xx_hal_gpio_ex.o ABSOLUTE
    ..\Drivers\STM32F1xx_HAL_Driver\Src\stm32f1xx_hal_pwr.c 0x00000000   Number         0  stm32f1xx_hal_pwr.o ABSOLUTE
    ..\Drivers\STM32F1xx_HAL_Driver\Src\stm32f1xx_hal_rcc.c 0x00000000   Number         0  stm32f1xx_hal_rcc.o ABSOLUTE
    ..\Drivers\STM32F1xx_HAL_Driver\Src\stm32f1xx_hal_rcc_ex.c 0x00000000   Number         0  stm32f1xx_hal_rcc_ex.o ABSOLUTE
    ..\Drivers\STM32F1xx_HAL_Driver\Src\stm32f1xx_hal_tim.c 0x00000000   Number         0  stm32f1xx_hal_tim.o ABSOLUTE
    ..\Drivers\STM32F1xx_HAL_Driver\Src\stm32f1xx_hal_tim_ex.c 0x00000000   Number         0  stm32f1xx_hal_tim_ex.o ABSOLUTE
    ..\Drivers\STM32F1xx_HAL_Driver\Src\stm32f1xx_hal_uart.c 0x00000000   Number         0  stm32f1xx_hal_uart.o ABSOLUTE
    ..\Src\gpio.c                            0x00000000   Number         0  gpio.o ABSOLUTE
    ..\Src\main.c                            0x00000000   Number         0  main.o ABSOLUTE
    ..\Src\stm32f1xx_hal_msp.c               0x00000000   Number         0  stm32f1xx_hal_msp.o ABSOLUTE
    ..\Src\stm32f1xx_it.c                    0x00000000   Number         0  stm32f1xx_it.o ABSOLUTE
    ..\Src\sys.c                             0x00000000   Number         0  sys.o ABSOLUTE
    ..\Src\system_stm32f1xx.c                0x00000000   Number         0  system_stm32f1xx.o ABSOLUTE
    ..\Src\tim.c                             0x00000000   Number         0  tim.o ABSOLUTE
    ..\Src\usart.c                           0x00000000   Number         0  usart.o ABSOLUTE
    ..\\APP\\Src\\App.c                      0x00000000   Number         0  app.o ABSOLUTE
    ..\\APP\\Src\\Debug.c                    0x00000000   Number         0  debug.o ABSOLUTE
    ..\\APP\\Src\\Esp8266.c                  0x00000000   Number         0  esp8266.o ABSOLUTE
    ..\\APP\\Src\\Time.c                     0x00000000   Number         0  time.o ABSOLUTE
    ..\\APP\\Src\\dataSave.c                 0x00000000   Number         0  datasave.o ABSOLUTE
    ..\\APP\\Src\\delay.c                    0x00000000   Number         0  delay.o ABSOLUTE
    ..\\APP\\Src\\dht11.c                    0x00000000   Number         0  dht11.o ABSOLUTE
    ..\\APP\\Src\\flashaSve.c                0x00000000   Number         0  flashasve.o ABSOLUTE
    ..\\APP\\Src\\lightSensor.c              0x00000000   Number         0  lightsensor.o ABSOLUTE
    ..\\APP\\Src\\oled.c                     0x00000000   Number         0  oled.o ABSOLUTE
    ..\\APP\\Src\\warning.c                  0x00000000   Number         0  warning.o ABSOLUTE
    cdrcmple.s                               0x00000000   Number         0  cdrcmple.o ABSOLUTE
    dc.s                                     0x00000000   Number         0  dc.o ABSOLUTE
    handlers.s                               0x00000000   Number         0  handlers.o ABSOLUTE
    init.s                                   0x00000000   Number         0  init.o ABSOLUTE
    startup_stm32f103xb.s                    0x00000000   Number         0  startup_stm32f103xb.o ABSOLUTE
    RESET                                    0x08000000   Section      236  startup_stm32f103xb.o(RESET)
    .ARM.Collect$$$$00000000                 0x080000ec   Section        0  entry.o(.ARM.Collect$$$$00000000)
    .ARM.Collect$$$$00000001                 0x080000ec   Section        4  entry2.o(.ARM.Collect$$$$00000001)
    .ARM.Collect$$$$00000004                 0x080000f0   Section        4  entry5.o(.ARM.Collect$$$$00000004)
    .ARM.Collect$$$$00000008                 0x080000f4   Section        0  entry7b.o(.ARM.Collect$$$$00000008)
    .ARM.Collect$$$$0000000A                 0x080000f4   Section        0  entry8b.o(.ARM.Collect$$$$0000000A)
    .ARM.Collect$$$$0000000B                 0x080000f4   Section        8  entry9a.o(.ARM.Collect$$$$0000000B)
    .ARM.Collect$$$$0000000D                 0x080000fc   Section        0  entry10a.o(.ARM.Collect$$$$0000000D)
    .ARM.Collect$$$$0000000F                 0x080000fc   Section        0  entry11a.o(.ARM.Collect$$$$0000000F)
    .ARM.Collect$$$$00002712                 0x080000fc   Section        4  entry2.o(.ARM.Collect$$$$00002712)
    __lit__00000000                          0x080000fc   Data           4  entry2.o(.ARM.Collect$$$$00002712)
    .text                                    0x08000100   Section       36  startup_stm32f103xb.o(.text)
    .text                                    0x08000124   Section        0  llushr.o(.text)
    .text                                    0x08000144   Section        0  memcpya.o(.text)
    .text                                    0x08000168   Section        0  memseta.o(.text)
    .text                                    0x0800018c   Section        0  strcat.o(.text)
    .text                                    0x080001a4   Section        0  strstr.o(.text)
    .text                                    0x080001c8   Section        0  strlen.o(.text)
    .text                                    0x080001d6   Section        0  uidiv.o(.text)
    .text                                    0x08000202   Section        0  uldiv.o(.text)
    .text                                    0x08000264   Section        0  dadd.o(.text)
    .text                                    0x08000264   Section        0  iusefp.o(.text)
    .text                                    0x080003b2   Section        0  dmul.o(.text)
    .text                                    0x08000496   Section        0  ddiv.o(.text)
    .text                                    0x08000574   Section        0  dfixul.o(.text)
    .text                                    0x080005a4   Section       48  cdrcmple.o(.text)
    .text                                    0x080005d4   Section       36  init.o(.text)
    .text                                    0x080005f8   Section        0  llshl.o(.text)
    .text                                    0x08000616   Section        0  llsshr.o(.text)
    .text                                    0x0800063a   Section        0  depilogue.o(.text)
    .text                                    0x080006f4   Section        0  __dczerorl2.o(.text)
    i.AppTask                                0x0800074c   Section        0  app.o(i.AppTask)
    i.BusFault_Handler                       0x08000778   Section        0  stm32f1xx_it.o(i.BusFault_Handler)
    i.ConnectSer                             0x0800077c   Section        0  esp8266.o(i.ConnectSer)
    i.DHT11_Check                            0x080007f0   Section        0  dht11.o(i.DHT11_Check)
    i.DHT11_IO_IN                            0x08000840   Section        0  dht11.o(i.DHT11_IO_IN)
    i.DHT11_IO_OUT                           0x08000860   Section        0  dht11.o(i.DHT11_IO_OUT)
    i.DHT11_Init                             0x08000880   Section        0  dht11.o(i.DHT11_Init)
    i.DHT11_Read_Bit                         0x080008a8   Section        0  dht11.o(i.DHT11_Read_Bit)
    i.DHT11_Read_Byte                        0x080008f4   Section        0  dht11.o(i.DHT11_Read_Byte)
    i.DHT11_Read_Data                        0x0800090e   Section        0  dht11.o(i.DHT11_Read_Data)
    i.DHT11_Rst                              0x08000960   Section        0  dht11.o(i.DHT11_Rst)
    i.DebugMon_Handler                       0x0800098c   Section        0  stm32f1xx_it.o(i.DebugMon_Handler)
    i.Debug_printf                           0x08000990   Section        0  debug.o(i.Debug_printf)
    i.DeviceCtr                              0x080009cc   Section        0  app.o(i.DeviceCtr)
    DeviceCtr                                0x080009cd   Thumb Code   150  app.o(i.DeviceCtr)
    i.ESP8266_EnterSendData                  0x08000a80   Section        0  esp8266.o(i.ESP8266_EnterSendData)
    i.ESP8266_Init                           0x08000adc   Section        0  esp8266.o(i.ESP8266_Init)
    i.ESP8266_SendData                       0x08000cac   Section        0  esp8266.o(i.ESP8266_SendData)
    i.Error_Handler                          0x08000ce0   Section        0  main.o(i.Error_Handler)
    i.Esp8266Rst                             0x08000ce4   Section        0  esp8266.o(i.Esp8266Rst)
    i.FLASH_PageErase                        0x08000d14   Section        0  stm32f1xx_hal_flash_ex.o(i.FLASH_PageErase)
    i.FLASH_Program_HalfWord                 0x08000d38   Section        0  stm32f1xx_hal_flash.o(i.FLASH_Program_HalfWord)
    FLASH_Program_HalfWord                   0x08000d39   Thumb Code    20  stm32f1xx_hal_flash.o(i.FLASH_Program_HalfWord)
    i.FLASH_SetErrorCode                     0x08000d54   Section        0  stm32f1xx_hal_flash.o(i.FLASH_SetErrorCode)
    FLASH_SetErrorCode                       0x08000d55   Thumb Code    84  stm32f1xx_hal_flash.o(i.FLASH_SetErrorCode)
    i.FLASH_WaitForLastOperation             0x08000db0   Section        0  stm32f1xx_hal_flash.o(i.FLASH_WaitForLastOperation)
    i.HAL_DMA_Abort_IT                       0x08000e04   Section        0  stm32f1xx_hal_dma.o(i.HAL_DMA_Abort_IT)
    i.HAL_Delay                              0x08000e9c   Section        0  stm32f1xx_hal.o(i.HAL_Delay)
    i.HAL_FLASH_Lock                         0x08000ec0   Section        0  stm32f1xx_hal_flash.o(i.HAL_FLASH_Lock)
    i.HAL_FLASH_Program                      0x08000ed4   Section        0  stm32f1xx_hal_flash.o(i.HAL_FLASH_Program)
    i.HAL_FLASH_Unlock                       0x08000f54   Section        0  stm32f1xx_hal_flash.o(i.HAL_FLASH_Unlock)
    i.HAL_GPIO_Init                          0x08000f7c   Section        0  stm32f1xx_hal_gpio.o(i.HAL_GPIO_Init)
    i.HAL_GPIO_ReadPin                       0x0800115c   Section        0  stm32f1xx_hal_gpio.o(i.HAL_GPIO_ReadPin)
    i.HAL_GPIO_WritePin                      0x08001166   Section        0  stm32f1xx_hal_gpio.o(i.HAL_GPIO_WritePin)
    i.HAL_GetTick                            0x08001170   Section        0  stm32f1xx_hal.o(i.HAL_GetTick)
    i.HAL_IncTick                            0x0800117c   Section        0  stm32f1xx_hal.o(i.HAL_IncTick)
    i.HAL_Init                               0x0800118c   Section        0  stm32f1xx_hal.o(i.HAL_Init)
    i.HAL_InitTick                           0x080011b0   Section        0  stm32f1xx_hal.o(i.HAL_InitTick)
    i.HAL_MspInit                            0x080011f0   Section        0  stm32f1xx_hal_msp.o(i.HAL_MspInit)
    i.HAL_NVIC_EnableIRQ                     0x0800122c   Section        0  stm32f1xx_hal_cortex.o(i.HAL_NVIC_EnableIRQ)
    i.HAL_NVIC_SetPriority                   0x08001248   Section        0  stm32f1xx_hal_cortex.o(i.HAL_NVIC_SetPriority)
    i.HAL_NVIC_SetPriorityGrouping           0x08001288   Section        0  stm32f1xx_hal_cortex.o(i.HAL_NVIC_SetPriorityGrouping)
    i.HAL_RCC_ClockConfig                    0x080012ac   Section        0  stm32f1xx_hal_rcc.o(i.HAL_RCC_ClockConfig)
    i.HAL_RCC_GetPCLK1Freq                   0x080013d8   Section        0  stm32f1xx_hal_rcc.o(i.HAL_RCC_GetPCLK1Freq)
    i.HAL_RCC_GetPCLK2Freq                   0x080013f8   Section        0  stm32f1xx_hal_rcc.o(i.HAL_RCC_GetPCLK2Freq)
    i.HAL_RCC_GetSysClockFreq                0x08001418   Section        0  stm32f1xx_hal_rcc.o(i.HAL_RCC_GetSysClockFreq)
    i.HAL_RCC_OscConfig                      0x08001484   Section        0  stm32f1xx_hal_rcc.o(i.HAL_RCC_OscConfig)
    i.HAL_SYSTICK_Config                     0x080017a4   Section        0  stm32f1xx_hal_cortex.o(i.HAL_SYSTICK_Config)
    i.HAL_TIMEx_BreakCallback                0x080017cc   Section        0  stm32f1xx_hal_tim_ex.o(i.HAL_TIMEx_BreakCallback)
    i.HAL_TIMEx_CommutCallback               0x080017ce   Section        0  stm32f1xx_hal_tim_ex.o(i.HAL_TIMEx_CommutCallback)
    i.HAL_TIMEx_MasterConfigSynchronization  0x080017d0   Section        0  stm32f1xx_hal_tim_ex.o(i.HAL_TIMEx_MasterConfigSynchronization)
    i.HAL_TIM_Base_Init                      0x08001812   Section        0  stm32f1xx_hal_tim.o(i.HAL_TIM_Base_Init)
    i.HAL_TIM_Base_MspInit                   0x08001848   Section        0  tim.o(i.HAL_TIM_Base_MspInit)
    i.HAL_TIM_Base_Start_IT                  0x08001884   Section        0  stm32f1xx_hal_tim.o(i.HAL_TIM_Base_Start_IT)
    i.HAL_TIM_ConfigClockSource              0x080018a6   Section        0  stm32f1xx_hal_tim.o(i.HAL_TIM_ConfigClockSource)
    i.HAL_TIM_IC_CaptureCallback             0x0800197c   Section        0  stm32f1xx_hal_tim.o(i.HAL_TIM_IC_CaptureCallback)
    i.HAL_TIM_IRQHandler                     0x0800197e   Section        0  stm32f1xx_hal_tim.o(i.HAL_TIM_IRQHandler)
    i.HAL_TIM_OC_DelayElapsedCallback        0x08001ae4   Section        0  stm32f1xx_hal_tim.o(i.HAL_TIM_OC_DelayElapsedCallback)
    i.HAL_TIM_PWM_PulseFinishedCallback      0x08001ae6   Section        0  stm32f1xx_hal_tim.o(i.HAL_TIM_PWM_PulseFinishedCallback)
    i.HAL_TIM_PeriodElapsedCallback          0x08001ae8   Section        0  time.o(i.HAL_TIM_PeriodElapsedCallback)
    i.HAL_TIM_TriggerCallback                0x08001c28   Section        0  stm32f1xx_hal_tim.o(i.HAL_TIM_TriggerCallback)
    i.HAL_UART_ErrorCallback                 0x08001c2a   Section        0  stm32f1xx_hal_uart.o(i.HAL_UART_ErrorCallback)
    i.HAL_UART_IRQHandler                    0x08001c2c   Section        0  stm32f1xx_hal_uart.o(i.HAL_UART_IRQHandler)
    i.HAL_UART_Init                          0x08001d3c   Section        0  stm32f1xx_hal_uart.o(i.HAL_UART_Init)
    i.HAL_UART_MspInit                       0x08001da0   Section        0  usart.o(i.HAL_UART_MspInit)
    i.HAL_UART_Receive_IT                    0x08001e78   Section        0  stm32f1xx_hal_uart.o(i.HAL_UART_Receive_IT)
    i.HAL_UART_RxCpltCallback                0x08001ecc   Section        0  debug.o(i.HAL_UART_RxCpltCallback)
    i.HAL_UART_Transmit                      0x08001f78   Section        0  stm32f1xx_hal_uart.o(i.HAL_UART_Transmit)
    i.HAL_UART_TxCpltCallback                0x08002032   Section        0  stm32f1xx_hal_uart.o(i.HAL_UART_TxCpltCallback)
    i.HardFault_Handler                      0x08002034   Section        0  stm32f1xx_it.o(i.HardFault_Handler)
    i.MX_GPIO_Init                           0x08002038   Section        0  gpio.o(i.MX_GPIO_Init)
    i.MX_TIM3_Init                           0x0800213c   Section        0  tim.o(i.MX_TIM3_Init)
    i.MX_USART1_UART_Init                    0x080021a4   Section        0  usart.o(i.MX_USART1_UART_Init)
    i.MX_USART2_UART_Init                    0x080021e8   Section        0  usart.o(i.MX_USART2_UART_Init)
    i.MemManage_Handler                      0x0800222c   Section        0  stm32f1xx_it.o(i.MemManage_Handler)
    i.NMI_Handler                            0x0800222e   Section        0  stm32f1xx_it.o(i.NMI_Handler)
    i.OLED_Clear                             0x08002230   Section        0  oled.o(i.OLED_Clear)
    i.OLED_Init                              0x0800226c   Section        0  oled.o(i.OLED_Init)
    i.OLED_Set_Pos                           0x08002366   Section        0  oled.o(i.OLED_Set_Pos)
    i.OLED_ShowCHinese                       0x08002394   Section        0  oled.o(i.OLED_ShowCHinese)
    i.OLED_ShowChar                          0x080023e4   Section        0  oled.o(i.OLED_ShowChar)
    i.OLED_ShowString                        0x08002448   Section        0  oled.o(i.OLED_ShowString)
    i.OLED_WR_Byte                           0x0800247c   Section        0  oled.o(i.OLED_WR_Byte)
    i.OneNet_FillBuf                         0x080024fc   Section        0  app.o(i.OneNet_FillBuf)
    OneNet_FillBuf                           0x080024fd   Thumb Code   108  app.o(i.OneNet_FillBuf)
    i.PendSV_Handler                         0x08002598   Section        0  stm32f1xx_it.o(i.PendSV_Handler)
    i.Rxbuffnalysis                          0x0800259c   Section        0  app.o(i.Rxbuffnalysis)
    Rxbuffnalysis                            0x0800259d   Thumb Code   436  app.o(i.Rxbuffnalysis)
    i.STMFLASH_Read                          0x08002810   Section        0  flashasve.o(i.STMFLASH_Read)
    i.STMFLASH_Read_Data                     0x0800282c   Section        0  datasave.o(i.STMFLASH_Read_Data)
    i.STMFLASH_Write                         0x0800288c   Section        0  flashasve.o(i.STMFLASH_Write)
    i.STMFLASH_Write_Data                    0x0800296c   Section        0  datasave.o(i.STMFLASH_Write_Data)
    i.STMFLASH_Write_NoCheck                 0x080029b8   Section        0  flashasve.o(i.STMFLASH_Write_NoCheck)
    i.SVC_Handler                            0x080029e4   Section        0  stm32f1xx_it.o(i.SVC_Handler)
    i.SendCmd                                0x080029e8   Section        0  esp8266.o(i.SendCmd)
    i.SoftReset                              0x08002ae0   Section        0  datasave.o(i.SoftReset)
    i.SysInit                                0x08002b18   Section        0  app.o(i.SysInit)
    i.SysTick_Handler                        0x08002b90   Section        0  stm32f1xx_it.o(i.SysTick_Handler)
    i.SystemClock_Config                     0x08002b9e   Section        0  main.o(i.SystemClock_Config)
    i.SystemInit                             0x08002bec   Section        0  system_stm32f1xx.o(i.SystemInit)
    i.TIM3_IRQHandler                        0x08002c34   Section        0  stm32f1xx_it.o(i.TIM3_IRQHandler)
    i.TIM_Base_SetConfig                     0x08002c40   Section        0  stm32f1xx_hal_tim.o(i.TIM_Base_SetConfig)
    i.TIM_ETR_SetConfig                      0x08002cac   Section        0  stm32f1xx_hal_tim.o(i.TIM_ETR_SetConfig)
    i.TIM_ITRx_SetConfig                     0x08002cc0   Section        0  stm32f1xx_hal_tim.o(i.TIM_ITRx_SetConfig)
    TIM_ITRx_SetConfig                       0x08002cc1   Thumb Code    16  stm32f1xx_hal_tim.o(i.TIM_ITRx_SetConfig)
    i.TIM_TI1_ConfigInputStage               0x08002cd0   Section        0  stm32f1xx_hal_tim.o(i.TIM_TI1_ConfigInputStage)
    TIM_TI1_ConfigInputStage                 0x08002cd1   Thumb Code    34  stm32f1xx_hal_tim.o(i.TIM_TI1_ConfigInputStage)
    i.TIM_TI2_ConfigInputStage               0x08002cf2   Section        0  stm32f1xx_hal_tim.o(i.TIM_TI2_ConfigInputStage)
    TIM_TI2_ConfigInputStage                 0x08002cf3   Thumb Code    36  stm32f1xx_hal_tim.o(i.TIM_TI2_ConfigInputStage)
    i.UART_DMAAbortOnError                   0x08002d16   Section        0  stm32f1xx_hal_uart.o(i.UART_DMAAbortOnError)
    UART_DMAAbortOnError                     0x08002d17   Thumb Code    16  stm32f1xx_hal_uart.o(i.UART_DMAAbortOnError)
    i.UART_EndRxTransfer                     0x08002d26   Section        0  stm32f1xx_hal_uart.o(i.UART_EndRxTransfer)
    UART_EndRxTransfer                       0x08002d27   Thumb Code    28  stm32f1xx_hal_uart.o(i.UART_EndRxTransfer)
    i.UART_Receive_IT                        0x08002d42   Section        0  stm32f1xx_hal_uart.o(i.UART_Receive_IT)
    UART_Receive_IT                          0x08002d43   Thumb Code   150  stm32f1xx_hal_uart.o(i.UART_Receive_IT)
    i.UART_SetConfig                         0x08002dd8   Section        0  stm32f1xx_hal_uart.o(i.UART_SetConfig)
    UART_SetConfig                           0x08002dd9   Thumb Code   178  stm32f1xx_hal_uart.o(i.UART_SetConfig)
    i.UART_Transmit_IT                       0x08002e90   Section        0  stm32f1xx_hal_uart.o(i.UART_Transmit_IT)
    UART_Transmit_IT                         0x08002e91   Thumb Code    98  stm32f1xx_hal_uart.o(i.UART_Transmit_IT)
    i.UART_WaitOnFlagUntilTimeout            0x08002ef2   Section        0  stm32f1xx_hal_uart.o(i.UART_WaitOnFlagUntilTimeout)
    UART_WaitOnFlagUntilTimeout              0x08002ef3   Thumb Code   100  stm32f1xx_hal_uart.o(i.UART_WaitOnFlagUntilTimeout)
    i.USART1_IRQHandler                      0x08002f58   Section        0  stm32f1xx_it.o(i.USART1_IRQHandler)
    i.USART2_IRQHandler                      0x08002f64   Section        0  stm32f1xx_it.o(i.USART2_IRQHandler)
    i.UsageFault_Handler                     0x08002f70   Section        0  stm32f1xx_it.o(i.UsageFault_Handler)
    i.WifiRxDataProcess                      0x08002f74   Section        0  app.o(i.WifiRxDataProcess)
    WifiRxDataProcess                        0x08002f75   Thumb Code   176  app.o(i.WifiRxDataProcess)
    i.__0sprintf                             0x08003080   Section        0  printfa.o(i.__0sprintf)
    i.__0vsnprintf                           0x080030a8   Section        0  printfa.o(i.__0vsnprintf)
    i.__NVIC_SetPriority                     0x080030d4   Section        0  stm32f1xx_hal_cortex.o(i.__NVIC_SetPriority)
    __NVIC_SetPriority                       0x080030d5   Thumb Code    32  stm32f1xx_hal_cortex.o(i.__NVIC_SetPriority)
    i.__scatterload_copy                     0x080030f4   Section       14  handlers.o(i.__scatterload_copy)
    i.__scatterload_null                     0x08003102   Section        2  handlers.o(i.__scatterload_null)
    i.__scatterload_zeroinit                 0x08003104   Section       14  handlers.o(i.__scatterload_zeroinit)
    i._fp_digits                             0x08003114   Section        0  printfa.o(i._fp_digits)
    _fp_digits                               0x08003115   Thumb Code   366  printfa.o(i._fp_digits)
    i._printf_core                           0x08003298   Section        0  printfa.o(i._printf_core)
    _printf_core                             0x08003299   Thumb Code  1744  printfa.o(i._printf_core)
    i._printf_post_padding                   0x08003974   Section        0  printfa.o(i._printf_post_padding)
    _printf_post_padding                     0x08003975   Thumb Code    36  printfa.o(i._printf_post_padding)
    i._printf_pre_padding                    0x08003998   Section        0  printfa.o(i._printf_pre_padding)
    _printf_pre_padding                      0x08003999   Thumb Code    46  printfa.o(i._printf_pre_padding)
    i._snputc                                0x080039c6   Section        0  printfa.o(i._snputc)
    _snputc                                  0x080039c7   Thumb Code    22  printfa.o(i._snputc)
    i._sputc                                 0x080039dc   Section        0  printfa.o(i._sputc)
    _sputc                                   0x080039dd   Thumb Code    10  printfa.o(i._sputc)
    i.buffClear                              0x080039e6   Section        0  app.o(i.buffClear)
    i.buffInit                               0x080039f0   Section        0  app.o(i.buffInit)
    i.delay_ms                               0x08003a2c   Section        0  delay.o(i.delay_ms)
    i.delay_us                               0x08003a46   Section        0  delay.o(i.delay_us)
    i.deviceInfoInit                         0x08003a74   Section        0  app.o(i.deviceInfoInit)
    deviceInfoInit                           0x08003a75   Thumb Code   280  app.o(i.deviceInfoInit)
    i.displayAPP                             0x08003c28   Section        0  oled.o(i.displayAPP)
    i.humiCtrl                               0x08003cd8   Section        0  dht11.o(i.humiCtrl)
    i.infoReport                             0x08003cf0   Section        0  app.o(i.infoReport)
    infoReport                               0x08003cf1   Thumb Code    22  app.o(i.infoReport)
    i.infoUpdate                             0x08003d08   Section        0  app.o(i.infoUpdate)
    infoUpdate                               0x08003d09   Thumb Code   338  app.o(i.infoUpdate)
    i.infoUpdateTimeCallback                 0x08003ed4   Section        0  app.o(i.infoUpdateTimeCallback)
    i.lightCtrl                              0x08003f78   Section        0  lightsensor.o(i.lightCtrl)
    i.lightSensorGet                         0x08003f90   Section        0  lightsensor.o(i.lightSensorGet)
    i.main                                   0x08003fa8   Section        0  main.o(i.main)
    i.oledInit                               0x08003fd8   Section        0  oled.o(i.oledInit)
    i.oledInitSuc                            0x0800403c   Section        0  oled.o(i.oledInitSuc)
    i.sensorInfoGet                          0x08004098   Section        0  app.o(i.sensorInfoGet)
    sensorInfoGet                            0x08004099   Thumb Code   102  app.o(i.sensorInfoGet)
    i.tempCtrl                               0x08004134   Section        0  dht11.o(i.tempCtrl)
    i.uartDataAnalyze                        0x0800414c   Section        0  datasave.o(i.uartDataAnalyze)
    i.warningCtrl                            0x08004240   Section        0  warning.o(i.warningCtrl)
    .constdata                               0x08004258   Section       16  system_stm32f1xx.o(.constdata)
    .constdata                               0x08004268   Section        8  system_stm32f1xx.o(.constdata)
    .constdata                               0x08004270   Section     1520  oled.o(.constdata)
    .conststring                             0x08004860   Section      221  app.o(.conststring)
    .data                                    0x20000000   Section       12  stm32f1xx_hal.o(.data)
    .data                                    0x2000000c   Section        4  system_stm32f1xx.o(.data)
    .data                                    0x20000010   Section       28  app.o(.data)
    .data                                    0x2000002c   Section       16  debug.o(.data)
    .data                                    0x2000003c   Section      768  oled.o(.data)
    .bss                                     0x2000033c   Section       64  tim.o(.bss)
    .bss                                     0x2000037c   Section      128  usart.o(.bss)
    .bss                                     0x20000400   Section       32  stm32f1xx_hal_flash.o(.bss)
    .bss                                     0x20000420   Section     4746  app.o(.bss)
    .bss                                     0x200016aa   Section     1024  debug.o(.bss)
    .bss                                     0x20001aaa   Section     2048  flashasve.o(.bss)
    .bss                                     0x200022aa   Section      200  datasave.o(.bss)
    STACK                                    0x20002378   Section     4096  startup_stm32f103xb.o(STACK)

    Global Symbols

    Symbol Name                              Value     Ov Type        Size  Object(Section)

    BuildAttributes$$THM_ISAv4$P$D$K$B$S$PE$A:L22UL41UL21$X:L11$S22US41US21$IEEE1$IW$USESV6$~STKCKD$USESV7$~SHL$OSPACE$ROPI$EBA8$MICROLIB$REQ8$PRES8$EABIv2 0x00000000   Number         0  anon$$obj.o ABSOLUTE
    __ARM_use_no_argv                        0x00000000   Number         0  main.o ABSOLUTE
    _printf_a                                0x00000000   Number         0  stubs.o ABSOLUTE
    _printf_c                                0x00000000   Number         0  stubs.o ABSOLUTE
    _printf_charcount                        0x00000000   Number         0  stubs.o ABSOLUTE
    _printf_d                                0x00000000   Number         0  stubs.o ABSOLUTE
    _printf_e                                0x00000000   Number         0  stubs.o ABSOLUTE
    _printf_f                                0x00000000   Number         0  stubs.o ABSOLUTE
    _printf_flags                            0x00000000   Number         0  stubs.o ABSOLUTE
    _printf_fp_dec                           0x00000000   Number         0  stubs.o ABSOLUTE
    _printf_fp_hex                           0x00000000   Number         0  stubs.o ABSOLUTE
    _printf_g                                0x00000000   Number         0  stubs.o ABSOLUTE
    _printf_i                                0x00000000   Number         0  stubs.o ABSOLUTE
    _printf_int_dec                          0x00000000   Number         0  stubs.o ABSOLUTE
    _printf_l                                0x00000000   Number         0  stubs.o ABSOLUTE
    _printf_lc                               0x00000000   Number         0  stubs.o ABSOLUTE
    _printf_ll                               0x00000000   Number         0  stubs.o ABSOLUTE
    _printf_lld                              0x00000000   Number         0  stubs.o ABSOLUTE
    _printf_lli                              0x00000000   Number         0  stubs.o ABSOLUTE
    _printf_llo                              0x00000000   Number         0  stubs.o ABSOLUTE
    _printf_llu                              0x00000000   Number         0  stubs.o ABSOLUTE
    _printf_llx                              0x00000000   Number         0  stubs.o ABSOLUTE
    _printf_longlong_dec                     0x00000000   Number         0  stubs.o ABSOLUTE
    _printf_longlong_hex                     0x00000000   Number         0  stubs.o ABSOLUTE
    _printf_longlong_oct                     0x00000000   Number         0  stubs.o ABSOLUTE
    _printf_ls                               0x00000000   Number         0  stubs.o ABSOLUTE
    _printf_mbtowc                           0x00000000   Number         0  stubs.o ABSOLUTE
    _printf_n                                0x00000000   Number         0  stubs.o ABSOLUTE
    _printf_o                                0x00000000   Number         0  stubs.o ABSOLUTE
    _printf_p                                0x00000000   Number         0  stubs.o ABSOLUTE
    _printf_percent                          0x00000000   Number         0  stubs.o ABSOLUTE
    _printf_pre_padding                      0x00000000   Number         0  stubs.o ABSOLUTE
    _printf_return_value                     0x00000000   Number         0  stubs.o ABSOLUTE
    _printf_s                                0x00000000   Number         0  stubs.o ABSOLUTE
    _printf_sizespec                         0x00000000   Number         0  stubs.o ABSOLUTE
    _printf_str                              0x00000000   Number         0  stubs.o ABSOLUTE
    _printf_truncate_signed                  0x00000000   Number         0  stubs.o ABSOLUTE
    _printf_truncate_unsigned                0x00000000   Number         0  stubs.o ABSOLUTE
    _printf_u                                0x00000000   Number         0  stubs.o ABSOLUTE
    _printf_wc                               0x00000000   Number         0  stubs.o ABSOLUTE
    _printf_wctomb                           0x00000000   Number         0  stubs.o ABSOLUTE
    _printf_widthprec                        0x00000000   Number         0  stubs.o ABSOLUTE
    _printf_x                                0x00000000   Number         0  stubs.o ABSOLUTE
    __cpp_initialize__aeabi_                  - Undefined Weak Reference
    __cxa_finalize                            - Undefined Weak Reference
    _clock_init                               - Undefined Weak Reference
    _microlib_exit                            - Undefined Weak Reference
    __Vectors_Size                           0x000000ec   Number         0  startup_stm32f103xb.o ABSOLUTE
    __Vectors                                0x08000000   Data           4  startup_stm32f103xb.o(RESET)
    __Vectors_End                            0x080000ec   Data           0  startup_stm32f103xb.o(RESET)
    __main                                   0x080000ed   Thumb Code     0  entry.o(.ARM.Collect$$$$00000000)
    _main_stk                                0x080000ed   Thumb Code     0  entry2.o(.ARM.Collect$$$$00000001)
    _main_scatterload                        0x080000f1   Thumb Code     0  entry5.o(.ARM.Collect$$$$00000004)
    __main_after_scatterload                 0x080000f5   Thumb Code     0  entry5.o(.ARM.Collect$$$$00000004)
    _main_clock                              0x080000f5   Thumb Code     0  entry7b.o(.ARM.Collect$$$$00000008)
    _main_cpp_init                           0x080000f5   Thumb Code     0  entry8b.o(.ARM.Collect$$$$0000000A)
    _main_init                               0x080000f5   Thumb Code     0  entry9a.o(.ARM.Collect$$$$0000000B)
    __rt_final_cpp                           0x080000fd   Thumb Code     0  entry10a.o(.ARM.Collect$$$$0000000D)
    __rt_final_exit                          0x080000fd   Thumb Code     0  entry11a.o(.ARM.Collect$$$$0000000F)
    Reset_Handler                            0x08000101   Thumb Code     8  startup_stm32f103xb.o(.text)
    ADC1_2_IRQHandler                        0x0800011b   Thumb Code     0  startup_stm32f103xb.o(.text)
    CAN1_RX1_IRQHandler                      0x0800011b   Thumb Code     0  startup_stm32f103xb.o(.text)
    CAN1_SCE_IRQHandler                      0x0800011b   Thumb Code     0  startup_stm32f103xb.o(.text)
    DMA1_Channel1_IRQHandler                 0x0800011b   Thumb Code     0  startup_stm32f103xb.o(.text)
    DMA1_Channel2_IRQHandler                 0x0800011b   Thumb Code     0  startup_stm32f103xb.o(.text)
    DMA1_Channel3_IRQHandler                 0x0800011b   Thumb Code     0  startup_stm32f103xb.o(.text)
    DMA1_Channel4_IRQHandler                 0x0800011b   Thumb Code     0  startup_stm32f103xb.o(.text)
    DMA1_Channel5_IRQHandler                 0x0800011b   Thumb Code     0  startup_stm32f103xb.o(.text)
    DMA1_Channel6_IRQHandler                 0x0800011b   Thumb Code     0  startup_stm32f103xb.o(.text)
    DMA1_Channel7_IRQHandler                 0x0800011b   Thumb Code     0  startup_stm32f103xb.o(.text)
    EXTI0_IRQHandler                         0x0800011b   Thumb Code     0  startup_stm32f103xb.o(.text)
    EXTI15_10_IRQHandler                     0x0800011b   Thumb Code     0  startup_stm32f103xb.o(.text)
    EXTI1_IRQHandler                         0x0800011b   Thumb Code     0  startup_stm32f103xb.o(.text)
    EXTI2_IRQHandler                         0x0800011b   Thumb Code     0  startup_stm32f103xb.o(.text)
    EXTI3_IRQHandler                         0x0800011b   Thumb Code     0  startup_stm32f103xb.o(.text)
    EXTI4_IRQHandler                         0x0800011b   Thumb Code     0  startup_stm32f103xb.o(.text)
    EXTI9_5_IRQHandler                       0x0800011b   Thumb Code     0  startup_stm32f103xb.o(.text)
    FLASH_IRQHandler                         0x0800011b   Thumb Code     0  startup_stm32f103xb.o(.text)
    I2C1_ER_IRQHandler                       0x0800011b   Thumb Code     0  startup_stm32f103xb.o(.text)
    I2C1_EV_IRQHandler                       0x0800011b   Thumb Code     0  startup_stm32f103xb.o(.text)
    I2C2_ER_IRQHandler                       0x0800011b   Thumb Code     0  startup_stm32f103xb.o(.text)
    I2C2_EV_IRQHandler                       0x0800011b   Thumb Code     0  startup_stm32f103xb.o(.text)
    PVD_IRQHandler                           0x0800011b   Thumb Code     0  startup_stm32f103xb.o(.text)
    RCC_IRQHandler                           0x0800011b   Thumb Code     0  startup_stm32f103xb.o(.text)
    RTC_Alarm_IRQHandler                     0x0800011b   Thumb Code     0  startup_stm32f103xb.o(.text)
    RTC_IRQHandler                           0x0800011b   Thumb Code     0  startup_stm32f103xb.o(.text)
    SPI1_IRQHandler                          0x0800011b   Thumb Code     0  startup_stm32f103xb.o(.text)
    SPI2_IRQHandler                          0x0800011b   Thumb Code     0  startup_stm32f103xb.o(.text)
    TAMPER_IRQHandler                        0x0800011b   Thumb Code     0  startup_stm32f103xb.o(.text)
    TIM1_BRK_IRQHandler                      0x0800011b   Thumb Code     0  startup_stm32f103xb.o(.text)
    TIM1_CC_IRQHandler                       0x0800011b   Thumb Code     0  startup_stm32f103xb.o(.text)
    TIM1_TRG_COM_IRQHandler                  0x0800011b   Thumb Code     0  startup_stm32f103xb.o(.text)
    TIM1_UP_IRQHandler                       0x0800011b   Thumb Code     0  startup_stm32f103xb.o(.text)
    TIM2_IRQHandler                          0x0800011b   Thumb Code     0  startup_stm32f103xb.o(.text)
    TIM4_IRQHandler                          0x0800011b   Thumb Code     0  startup_stm32f103xb.o(.text)
    USART3_IRQHandler                        0x0800011b   Thumb Code     0  startup_stm32f103xb.o(.text)
    USBWakeUp_IRQHandler                     0x0800011b   Thumb Code     0  startup_stm32f103xb.o(.text)
    USB_HP_CAN1_TX_IRQHandler                0x0800011b   Thumb Code     0  startup_stm32f103xb.o(.text)
    USB_LP_CAN1_RX0_IRQHandler               0x0800011b   Thumb Code     0  startup_stm32f103xb.o(.text)
    WWDG_IRQHandler                          0x0800011b   Thumb Code     0  startup_stm32f103xb.o(.text)
    __aeabi_llsr                             0x08000125   Thumb Code    32  llushr.o(.text)
    _ll_ushift_r                             0x08000125   Thumb Code     0  llushr.o(.text)
    __aeabi_memcpy                           0x08000145   Thumb Code    36  memcpya.o(.text)
    __aeabi_memcpy4                          0x08000145   Thumb Code     0  memcpya.o(.text)
    __aeabi_memcpy8                          0x08000145   Thumb Code     0  memcpya.o(.text)
    __aeabi_memset                           0x08000169   Thumb Code    14  memseta.o(.text)
    __aeabi_memset4                          0x08000169   Thumb Code     0  memseta.o(.text)
    __aeabi_memset8                          0x08000169   Thumb Code     0  memseta.o(.text)
    __aeabi_memclr                           0x08000177   Thumb Code     4  memseta.o(.text)
    __aeabi_memclr4                          0x08000177   Thumb Code     0  memseta.o(.text)
    __aeabi_memclr8                          0x08000177   Thumb Code     0  memseta.o(.text)
    _memset$wrapper                          0x0800017b   Thumb Code    18  memseta.o(.text)
    strcat                                   0x0800018d   Thumb Code    24  strcat.o(.text)
    strstr                                   0x080001a5   Thumb Code    36  strstr.o(.text)
    strlen                                   0x080001c9   Thumb Code    14  strlen.o(.text)
    __aeabi_uidiv                            0x080001d7   Thumb Code     0  uidiv.o(.text)
    __aeabi_uidivmod                         0x080001d7   Thumb Code    44  uidiv.o(.text)
    __aeabi_uldivmod                         0x08000203   Thumb Code    98  uldiv.o(.text)
    __I$use$fp                               0x08000265   Thumb Code     0  iusefp.o(.text)
    __aeabi_dadd                             0x08000265   Thumb Code   322  dadd.o(.text)
    __aeabi_dsub                             0x080003a7   Thumb Code     6  dadd.o(.text)
    __aeabi_drsub                            0x080003ad   Thumb Code     6  dadd.o(.text)
    __aeabi_dmul                             0x080003b3   Thumb Code   228  dmul.o(.text)
    __aeabi_ddiv                             0x08000497   Thumb Code   222  ddiv.o(.text)
    __aeabi_d2ulz                            0x08000575   Thumb Code    48  dfixul.o(.text)
    __aeabi_cdrcmple                         0x080005a5   Thumb Code    48  cdrcmple.o(.text)
    __scatterload                            0x080005d5   Thumb Code    28  init.o(.text)
    __scatterload_rt2                        0x080005d5   Thumb Code     0  init.o(.text)
    __aeabi_llsl                             0x080005f9   Thumb Code    30  llshl.o(.text)
    _ll_shift_l                              0x080005f9   Thumb Code     0  llshl.o(.text)
    __aeabi_lasr                             0x08000617   Thumb Code    36  llsshr.o(.text)
    _ll_sshift_r                             0x08000617   Thumb Code     0  llsshr.o(.text)
    _double_round                            0x0800063b   Thumb Code    30  depilogue.o(.text)
    _double_epilogue                         0x08000659   Thumb Code   156  depilogue.o(.text)
    __decompress                             0x080006f5   Thumb Code     0  __dczerorl2.o(.text)
    __decompress1                            0x080006f5   Thumb Code    86  __dczerorl2.o(.text)
    AppTask                                  0x0800074d   Thumb Code    40  app.o(i.AppTask)
    BusFault_Handler                         0x08000779   Thumb Code     2  stm32f1xx_it.o(i.BusFault_Handler)
    ConnectSer                               0x0800077d   Thumb Code    44  esp8266.o(i.ConnectSer)
    DHT11_Check                              0x080007f1   Thumb Code    76  dht11.o(i.DHT11_Check)
    DHT11_IO_IN                              0x08000841   Thumb Code    26  dht11.o(i.DHT11_IO_IN)
    DHT11_IO_OUT                             0x08000861   Thumb Code    26  dht11.o(i.DHT11_IO_OUT)
    DHT11_Init                               0x08000881   Thumb Code    40  dht11.o(i.DHT11_Init)
    DHT11_Read_Bit                           0x080008a9   Thumb Code    70  dht11.o(i.DHT11_Read_Bit)
    DHT11_Read_Byte                          0x080008f5   Thumb Code    26  dht11.o(i.DHT11_Read_Byte)
    DHT11_Read_Data                          0x0800090f   Thumb Code    80  dht11.o(i.DHT11_Read_Data)
    DHT11_Rst                                0x08000961   Thumb Code    38  dht11.o(i.DHT11_Rst)
    DebugMon_Handler                         0x0800098d   Thumb Code     2  stm32f1xx_it.o(i.DebugMon_Handler)
    Debug_printf                             0x08000991   Thumb Code    52  debug.o(i.Debug_printf)
    ESP8266_EnterSendData                    0x08000a81   Thumb Code    56  esp8266.o(i.ESP8266_EnterSendData)
    ESP8266_Init                             0x08000add   Thumb Code   248  esp8266.o(i.ESP8266_Init)
    ESP8266_SendData                         0x08000cad   Thumb Code    34  esp8266.o(i.ESP8266_SendData)
    Error_Handler                            0x08000ce1   Thumb Code     2  main.o(i.Error_Handler)
    Esp8266Rst                               0x08000ce5   Thumb Code    42  esp8266.o(i.Esp8266Rst)
    FLASH_PageErase                          0x08000d15   Thumb Code    28  stm32f1xx_hal_flash_ex.o(i.FLASH_PageErase)
    FLASH_WaitForLastOperation               0x08000db1   Thumb Code    80  stm32f1xx_hal_flash.o(i.FLASH_WaitForLastOperation)
    HAL_DMA_Abort_IT                         0x08000e05   Thumb Code   148  stm32f1xx_hal_dma.o(i.HAL_DMA_Abort_IT)
    HAL_Delay                                0x08000e9d   Thumb Code    32  stm32f1xx_hal.o(i.HAL_Delay)
    HAL_FLASH_Lock                           0x08000ec1   Thumb Code    14  stm32f1xx_hal_flash.o(i.HAL_FLASH_Lock)
    HAL_FLASH_Program                        0x08000ed5   Thumb Code   120  stm32f1xx_hal_flash.o(i.HAL_FLASH_Program)
    HAL_FLASH_Unlock                         0x08000f55   Thumb Code    28  stm32f1xx_hal_flash.o(i.HAL_FLASH_Unlock)
    HAL_GPIO_Init                            0x08000f7d   Thumb Code   446  stm32f1xx_hal_gpio.o(i.HAL_GPIO_Init)
    HAL_GPIO_ReadPin                         0x0800115d   Thumb Code    10  stm32f1xx_hal_gpio.o(i.HAL_GPIO_ReadPin)
    HAL_GPIO_WritePin                        0x08001167   Thumb Code    10  stm32f1xx_hal_gpio.o(i.HAL_GPIO_WritePin)
    HAL_GetTick                              0x08001171   Thumb Code     6  stm32f1xx_hal.o(i.HAL_GetTick)
    HAL_IncTick                              0x0800117d   Thumb Code    12  stm32f1xx_hal.o(i.HAL_IncTick)
    HAL_Init                                 0x0800118d   Thumb Code    32  stm32f1xx_hal.o(i.HAL_Init)
    HAL_InitTick                             0x080011b1   Thumb Code    54  stm32f1xx_hal.o(i.HAL_InitTick)
    HAL_MspInit                              0x080011f1   Thumb Code    52  stm32f1xx_hal_msp.o(i.HAL_MspInit)
    HAL_NVIC_EnableIRQ                       0x0800122d   Thumb Code    26  stm32f1xx_hal_cortex.o(i.HAL_NVIC_EnableIRQ)
    HAL_NVIC_SetPriority                     0x08001249   Thumb Code    60  stm32f1xx_hal_cortex.o(i.HAL_NVIC_SetPriority)
    HAL_NVIC_SetPriorityGrouping             0x08001289   Thumb Code    26  stm32f1xx_hal_cortex.o(i.HAL_NVIC_SetPriorityGrouping)
    HAL_RCC_ClockConfig                      0x080012ad   Thumb Code   280  stm32f1xx_hal_rcc.o(i.HAL_RCC_ClockConfig)
    HAL_RCC_GetPCLK1Freq                     0x080013d9   Thumb Code    20  stm32f1xx_hal_rcc.o(i.HAL_RCC_GetPCLK1Freq)
    HAL_RCC_GetPCLK2Freq                     0x080013f9   Thumb Code    20  stm32f1xx_hal_rcc.o(i.HAL_RCC_GetPCLK2Freq)
    HAL_RCC_GetSysClockFreq                  0x08001419   Thumb Code    74  stm32f1xx_hal_rcc.o(i.HAL_RCC_GetSysClockFreq)
    HAL_RCC_OscConfig                        0x08001485   Thumb Code   778  stm32f1xx_hal_rcc.o(i.HAL_RCC_OscConfig)
    HAL_SYSTICK_Config                       0x080017a5   Thumb Code    40  stm32f1xx_hal_cortex.o(i.HAL_SYSTICK_Config)
    HAL_TIMEx_BreakCallback                  0x080017cd   Thumb Code     2  stm32f1xx_hal_tim_ex.o(i.HAL_TIMEx_BreakCallback)
    HAL_TIMEx_CommutCallback                 0x080017cf   Thumb Code     2  stm32f1xx_hal_tim_ex.o(i.HAL_TIMEx_CommutCallback)
    HAL_TIMEx_MasterConfigSynchronization    0x080017d1   Thumb Code    66  stm32f1xx_hal_tim_ex.o(i.HAL_TIMEx_MasterConfigSynchronization)
    HAL_TIM_Base_Init                        0x08001813   Thumb Code    54  stm32f1xx_hal_tim.o(i.HAL_TIM_Base_Init)
    HAL_TIM_Base_MspInit                     0x08001849   Thumb Code    50  tim.o(i.HAL_TIM_Base_MspInit)
    HAL_TIM_Base_Start_IT                    0x08001885   Thumb Code    34  stm32f1xx_hal_tim.o(i.HAL_TIM_Base_Start_IT)
    HAL_TIM_ConfigClockSource                0x080018a7   Thumb Code   214  stm32f1xx_hal_tim.o(i.HAL_TIM_ConfigClockSource)
    HAL_TIM_IC_CaptureCallback               0x0800197d   Thumb Code     2  stm32f1xx_hal_tim.o(i.HAL_TIM_IC_CaptureCallback)
    HAL_TIM_IRQHandler                       0x0800197f   Thumb Code   358  stm32f1xx_hal_tim.o(i.HAL_TIM_IRQHandler)
    HAL_TIM_OC_DelayElapsedCallback          0x08001ae5   Thumb Code     2  stm32f1xx_hal_tim.o(i.HAL_TIM_OC_DelayElapsedCallback)
    HAL_TIM_PWM_PulseFinishedCallback        0x08001ae7   Thumb Code     2  stm32f1xx_hal_tim.o(i.HAL_TIM_PWM_PulseFinishedCallback)
    HAL_TIM_PeriodElapsedCallback            0x08001ae9   Thumb Code   240  time.o(i.HAL_TIM_PeriodElapsedCallback)
    HAL_TIM_TriggerCallback                  0x08001c29   Thumb Code     2  stm32f1xx_hal_tim.o(i.HAL_TIM_TriggerCallback)
    HAL_UART_ErrorCallback                   0x08001c2b   Thumb Code     2  stm32f1xx_hal_uart.o(i.HAL_UART_ErrorCallback)
    HAL_UART_IRQHandler                      0x08001c2d   Thumb Code   266  stm32f1xx_hal_uart.o(i.HAL_UART_IRQHandler)
    HAL_UART_Init                            0x08001d3d   Thumb Code    98  stm32f1xx_hal_uart.o(i.HAL_UART_Init)
    HAL_UART_MspInit                         0x08001da1   Thumb Code   198  usart.o(i.HAL_UART_MspInit)
    HAL_UART_Receive_IT                      0x08001e79   Thumb Code    82  stm32f1xx_hal_uart.o(i.HAL_UART_Receive_IT)
    HAL_UART_RxCpltCallback                  0x08001ecd   Thumb Code   142  debug.o(i.HAL_UART_RxCpltCallback)
    HAL_UART_Transmit                        0x08001f79   Thumb Code   186  stm32f1xx_hal_uart.o(i.HAL_UART_Transmit)
    HAL_UART_TxCpltCallback                  0x08002033   Thumb Code     2  stm32f1xx_hal_uart.o(i.HAL_UART_TxCpltCallback)
    HardFault_Handler                        0x08002035   Thumb Code     2  stm32f1xx_it.o(i.HardFault_Handler)
    MX_GPIO_Init                             0x08002039   Thumb Code   242  gpio.o(i.MX_GPIO_Init)
    MX_TIM3_Init                             0x0800213d   Thumb Code    94  tim.o(i.MX_TIM3_Init)
    MX_USART1_UART_Init                      0x080021a5   Thumb Code    54  usart.o(i.MX_USART1_UART_Init)
    MX_USART2_UART_Init                      0x080021e9   Thumb Code    54  usart.o(i.MX_USART2_UART_Init)
    MemManage_Handler                        0x0800222d   Thumb Code     2  stm32f1xx_it.o(i.MemManage_Handler)
    NMI_Handler                              0x0800222f   Thumb Code     2  stm32f1xx_it.o(i.NMI_Handler)
    OLED_Clear                               0x08002231   Thumb Code    60  oled.o(i.OLED_Clear)
    OLED_Init                                0x0800226d   Thumb Code   250  oled.o(i.OLED_Init)
    OLED_Set_Pos                             0x08002367   Thumb Code    44  oled.o(i.OLED_Set_Pos)
    OLED_ShowCHinese                         0x08002395   Thumb Code    74  oled.o(i.OLED_ShowCHinese)
    OLED_ShowChar                            0x080023e5   Thumb Code    94  oled.o(i.OLED_ShowChar)
    OLED_ShowString                          0x08002449   Thumb Code    50  oled.o(i.OLED_ShowString)
    OLED_WR_Byte                             0x0800247d   Thumb Code   122  oled.o(i.OLED_WR_Byte)
    PendSV_Handler                           0x08002599   Thumb Code     2  stm32f1xx_it.o(i.PendSV_Handler)
    STMFLASH_Read                            0x08002811   Thumb Code    26  flashasve.o(i.STMFLASH_Read)
    STMFLASH_Read_Data                       0x0800282d   Thumb Code    90  datasave.o(i.STMFLASH_Read_Data)
    STMFLASH_Write                           0x0800288d   Thumb Code   216  flashasve.o(i.STMFLASH_Write)
    STMFLASH_Write_Data                      0x0800296d   Thumb Code    72  datasave.o(i.STMFLASH_Write_Data)
    STMFLASH_Write_NoCheck                   0x080029b9   Thumb Code    44  flashasve.o(i.STMFLASH_Write_NoCheck)
    SVC_Handler                              0x080029e5   Thumb Code     2  stm32f1xx_it.o(i.SVC_Handler)
    SendCmd                                  0x080029e9   Thumb Code   212  esp8266.o(i.SendCmd)
    SoftReset                                0x08002ae1   Thumb Code    38  datasave.o(i.SoftReset)
    SysInit                                  0x08002b19   Thumb Code    80  app.o(i.SysInit)
    SysTick_Handler                          0x08002b91   Thumb Code    14  stm32f1xx_it.o(i.SysTick_Handler)
    SystemClock_Config                       0x08002b9f   Thumb Code    78  main.o(i.SystemClock_Config)
    SystemInit                               0x08002bed   Thumb Code    56  system_stm32f1xx.o(i.SystemInit)
    TIM3_IRQHandler                          0x08002c35   Thumb Code     6  stm32f1xx_it.o(i.TIM3_IRQHandler)
    TIM_Base_SetConfig                       0x08002c41   Thumb Code    94  stm32f1xx_hal_tim.o(i.TIM_Base_SetConfig)
    TIM_ETR_SetConfig                        0x08002cad   Thumb Code    20  stm32f1xx_hal_tim.o(i.TIM_ETR_SetConfig)
    USART1_IRQHandler                        0x08002f59   Thumb Code     6  stm32f1xx_it.o(i.USART1_IRQHandler)
    USART2_IRQHandler                        0x08002f65   Thumb Code     6  stm32f1xx_it.o(i.USART2_IRQHandler)
    UsageFault_Handler                       0x08002f71   Thumb Code     2  stm32f1xx_it.o(i.UsageFault_Handler)
    __0sprintf                               0x08003081   Thumb Code    34  printfa.o(i.__0sprintf)
    __1sprintf                               0x08003081   Thumb Code     0  printfa.o(i.__0sprintf)
    __2sprintf                               0x08003081   Thumb Code     0  printfa.o(i.__0sprintf)
    __c89sprintf                             0x08003081   Thumb Code     0  printfa.o(i.__0sprintf)
    sprintf                                  0x08003081   Thumb Code     0  printfa.o(i.__0sprintf)
    __0vsnprintf                             0x080030a9   Thumb Code    40  printfa.o(i.__0vsnprintf)
    __1vsnprintf                             0x080030a9   Thumb Code     0  printfa.o(i.__0vsnprintf)
    __2vsnprintf                             0x080030a9   Thumb Code     0  printfa.o(i.__0vsnprintf)
    __c89vsnprintf                           0x080030a9   Thumb Code     0  printfa.o(i.__0vsnprintf)
    vsnprintf                                0x080030a9   Thumb Code     0  printfa.o(i.__0vsnprintf)
    __scatterload_copy                       0x080030f5   Thumb Code    14  handlers.o(i.__scatterload_copy)
    __scatterload_null                       0x08003103   Thumb Code     2  handlers.o(i.__scatterload_null)
    __scatterload_zeroinit                   0x08003105   Thumb Code    14  handlers.o(i.__scatterload_zeroinit)
    buffClear                                0x080039e7   Thumb Code     8  app.o(i.buffClear)
    buffInit                                 0x080039f1   Thumb Code    48  app.o(i.buffInit)
    delay_ms                                 0x08003a2d   Thumb Code    26  delay.o(i.delay_ms)
    delay_us                                 0x08003a47   Thumb Code    44  delay.o(i.delay_us)
    displayAPP                               0x08003c29   Thumb Code   124  oled.o(i.displayAPP)
    humiCtrl                                 0x08003cd9   Thumb Code    18  dht11.o(i.humiCtrl)
    infoUpdateTimeCallback                   0x08003ed5   Thumb Code   136  app.o(i.infoUpdateTimeCallback)
    lightCtrl                                0x08003f79   Thumb Code    20  lightsensor.o(i.lightCtrl)
    lightSensorGet                           0x08003f91   Thumb Code    20  lightsensor.o(i.lightSensorGet)
    main                                     0x08003fa9   Thumb Code    42  main.o(i.main)
    oledInit                                 0x08003fd9   Thumb Code    84  oled.o(i.oledInit)
    oledInitSuc                              0x0800403d   Thumb Code    80  oled.o(i.oledInitSuc)
    tempCtrl                                 0x08004135   Thumb Code    18  dht11.o(i.tempCtrl)
    uartDataAnalyze                          0x0800414d   Thumb Code   154  datasave.o(i.uartDataAnalyze)
    warningCtrl                              0x08004241   Thumb Code    18  warning.o(i.warningCtrl)
    AHBPrescTable                            0x08004258   Data          16  system_stm32f1xx.o(.constdata)
    APBPrescTable                            0x08004268   Data           8  system_stm32f1xx.o(.constdata)
    F8X16                                    0x08004270   Data        1520  oled.o(.constdata)
    Region$$Table$$Base                      0x08004940   Number         0  anon$$obj.o(Region$$Table)
    Region$$Table$$Limit                     0x08004960   Number         0  anon$$obj.o(Region$$Table)
    uwTickFreq                               0x20000000   Data           1  stm32f1xx_hal.o(.data)
    uwTickPrio                               0x20000004   Data           4  stm32f1xx_hal.o(.data)
    uwTick                                   0x20000008   Data           4  stm32f1xx_hal.o(.data)
    SystemCoreClock                          0x2000000c   Data           4  system_stm32f1xx.o(.data)
    lightCtrlOldSta                          0x20000010   Data           1  app.o(.data)
    humiCtrlOldSta                           0x20000011   Data           1  app.o(.data)
    inputbuff1addr                           0x20000014   Data           4  app.o(.data)
    outputbuff1addr                          0x20000018   Data           4  app.o(.data)
    endbuff1addr                             0x2000001c   Data           4  app.o(.data)
    inputbuff2addr                           0x20000020   Data           4  app.o(.data)
    outputbuff2addr                          0x20000024   Data           4  app.o(.data)
    endbuff2addr                             0x20000028   Data           4  app.o(.data)
    DebugUart                                0x2000002c   Data           8  debug.o(.data)
    WifiUart                                 0x20000034   Data           8  debug.o(.data)
    Hzk                                      0x2000003c   Data         768  oled.o(.data)
    htim3                                    0x2000033c   Data          64  tim.o(.bss)
    huart1                                   0x2000037c   Data          64  usart.o(.bss)
    huart2                                   0x200003bc   Data          64  usart.o(.bss)
    pFlash                                   0x20000400   Data          32  stm32f1xx_hal_flash.o(.bss)
    sysValueSta                              0x20000420   Data         100  app.o(.bss)
    datasta                                  0x20000484   Data         150  app.o(.bss)
    Rxbuff1                                  0x2000051a   Data         400  app.o(.bss)
    Rxbuff2                                  0x200006aa   Data        3072  app.o(.bss)
    Txbuff                                   0x200012aa   Data        1024  app.o(.bss)
    debugbuff                                0x200016aa   Data        1024  debug.o(.bss)
    STMFLASH_BUF                             0x20001aaa   Data        2048  flashasve.o(.bss)
    dataSaveBuff                             0x200022aa   Data         100  datasave.o(.bss)
    tempdata                                 0x2000230e   Data         100  datasave.o(.bss)
    __initial_sp                             0x20003378   Data           0  startup_stm32f103xb.o(STACK)



==============================================================================

Memory Map of the image

  Image Entry point : 0x080000ed

  Load Region LR_IROM1 (Base: 0x08000000, Size: 0x00004c9c, Max: 0x00010000, ABSOLUTE, COMPRESSED[0x00004ad0])

    Execution Region ER_IROM1 (Exec base: 0x08000000, Load base: 0x08000000, Size: 0x00004960, Max: 0x00010000, ABSOLUTE)

    Exec Addr    Load Addr    Size         Type   Attr      Idx    E Section Name        Object

    0x08000000   0x08000000   0x000000ec   Data   RO            3    RESET               startup_stm32f103xb.o
    0x080000ec   0x080000ec   0x00000000   Code   RO         3344  * .ARM.Collect$$$$00000000  mc_w.l(entry.o)
    0x080000ec   0x080000ec   0x00000004   Code   RO         3622    .ARM.Collect$$$$00000001  mc_w.l(entry2.o)
    0x080000f0   0x080000f0   0x00000004   Code   RO         3625    .ARM.Collect$$$$00000004  mc_w.l(entry5.o)
    0x080000f4   0x080000f4   0x00000000   Code   RO         3627    .ARM.Collect$$$$00000008  mc_w.l(entry7b.o)
    0x080000f4   0x080000f4   0x00000000   Code   RO         3629    .ARM.Collect$$$$0000000A  mc_w.l(entry8b.o)
    0x080000f4   0x080000f4   0x00000008   Code   RO         3630    .ARM.Collect$$$$0000000B  mc_w.l(entry9a.o)
    0x080000fc   0x080000fc   0x00000000   Code   RO         3632    .ARM.Collect$$$$0000000D  mc_w.l(entry10a.o)
    0x080000fc   0x080000fc   0x00000000   Code   RO         3634    .ARM.Collect$$$$0000000F  mc_w.l(entry11a.o)
    0x080000fc   0x080000fc   0x00000004   Code   RO         3623    .ARM.Collect$$$$00002712  mc_w.l(entry2.o)
    0x08000100   0x08000100   0x00000024   Code   RO            4    .text               startup_stm32f103xb.o
    0x08000124   0x08000124   0x00000020   Code   RO         3347    .text               mc_w.l(llushr.o)
    0x08000144   0x08000144   0x00000024   Code   RO         3349    .text               mc_w.l(memcpya.o)
    0x08000168   0x08000168   0x00000024   Code   RO         3351    .text               mc_w.l(memseta.o)
    0x0800018c   0x0800018c   0x00000018   Code   RO         3353    .text               mc_w.l(strcat.o)
    0x080001a4   0x080001a4   0x00000024   Code   RO         3355    .text               mc_w.l(strstr.o)
    0x080001c8   0x080001c8   0x0000000e   Code   RO         3357    .text               mc_w.l(strlen.o)
    0x080001d6   0x080001d6   0x0000002c   Code   RO         3639    .text               mc_w.l(uidiv.o)
    0x08000202   0x08000202   0x00000062   Code   RO         3641    .text               mc_w.l(uldiv.o)
    0x08000264   0x08000264   0x00000000   Code   RO         3643    .text               mc_w.l(iusefp.o)
    0x08000264   0x08000264   0x0000014e   Code   RO         3644    .text               mf_w.l(dadd.o)
    0x080003b2   0x080003b2   0x000000e4   Code   RO         3646    .text               mf_w.l(dmul.o)
    0x08000496   0x08000496   0x000000de   Code   RO         3648    .text               mf_w.l(ddiv.o)
    0x08000574   0x08000574   0x00000030   Code   RO         3650    .text               mf_w.l(dfixul.o)
    0x080005a4   0x080005a4   0x00000030   Code   RO         3652    .text               mf_w.l(cdrcmple.o)
    0x080005d4   0x080005d4   0x00000024   Code   RO         3654    .text               mc_w.l(init.o)
    0x080005f8   0x080005f8   0x0000001e   Code   RO         3657    .text               mc_w.l(llshl.o)
    0x08000616   0x08000616   0x00000024   Code   RO         3659    .text               mc_w.l(llsshr.o)
    0x0800063a   0x0800063a   0x000000ba   Code   RO         3662    .text               mf_w.l(depilogue.o)
    0x080006f4   0x080006f4   0x00000056   Code   RO         3672    .text               mc_w.l(__dczerorl2.o)
    0x0800074a   0x0800074a   0x00000002   PAD
    0x0800074c   0x0800074c   0x0000002c   Code   RO         2749    i.AppTask           app.o
    0x08000778   0x08000778   0x00000002   Code   RO          328    i.BusFault_Handler  stm32f1xx_it.o
    0x0800077a   0x0800077a   0x00000002   PAD
    0x0800077c   0x0800077c   0x00000074   Code   RO         2890    i.ConnectSer        esp8266.o
    0x080007f0   0x080007f0   0x00000050   Code   RO         2971    i.DHT11_Check       dht11.o
    0x08000840   0x08000840   0x00000020   Code   RO         2972    i.DHT11_IO_IN       dht11.o
    0x08000860   0x08000860   0x00000020   Code   RO         2973    i.DHT11_IO_OUT      dht11.o
    0x08000880   0x08000880   0x00000028   Code   RO         2974    i.DHT11_Init        dht11.o
    0x080008a8   0x080008a8   0x0000004c   Code   RO         2975    i.DHT11_Read_Bit    dht11.o
    0x080008f4   0x080008f4   0x0000001a   Code   RO         2976    i.DHT11_Read_Byte   dht11.o
    0x0800090e   0x0800090e   0x00000050   Code   RO         2977    i.DHT11_Read_Data   dht11.o
    0x0800095e   0x0800095e   0x00000002   PAD
    0x08000960   0x08000960   0x0000002c   Code   RO         2978    i.DHT11_Rst         dht11.o
    0x0800098c   0x0800098c   0x00000002   Code   RO          329    i.DebugMon_Handler  stm32f1xx_it.o
    0x0800098e   0x0800098e   0x00000002   PAD
    0x08000990   0x08000990   0x0000003c   Code   RO         2846    i.Debug_printf      debug.o
    0x080009cc   0x080009cc   0x000000b4   Code   RO         2750    i.DeviceCtr         app.o
    0x08000a80   0x08000a80   0x0000005c   Code   RO         2891    i.ESP8266_EnterSendData  esp8266.o
    0x08000adc   0x08000adc   0x000001d0   Code   RO         2892    i.ESP8266_Init      esp8266.o
    0x08000cac   0x08000cac   0x00000034   Code   RO         2893    i.ESP8266_SendData  esp8266.o
    0x08000ce0   0x08000ce0   0x00000002   Code   RO           13    i.Error_Handler     main.o
    0x08000ce2   0x08000ce2   0x00000002   PAD
    0x08000ce4   0x08000ce4   0x00000030   Code   RO         2894    i.Esp8266Rst        esp8266.o
    0x08000d14   0x08000d14   0x00000024   Code   RO         2233    i.FLASH_PageErase   stm32f1xx_hal_flash_ex.o
    0x08000d38   0x08000d38   0x0000001c   Code   RO         2125    i.FLASH_Program_HalfWord  stm32f1xx_hal_flash.o
    0x08000d54   0x08000d54   0x0000005c   Code   RO         2126    i.FLASH_SetErrorCode  stm32f1xx_hal_flash.o
    0x08000db0   0x08000db0   0x00000054   Code   RO         2127    i.FLASH_WaitForLastOperation  stm32f1xx_hal_flash.o
    0x08000e04   0x08000e04   0x00000098   Code   RO         1790    i.HAL_DMA_Abort_IT  stm32f1xx_hal_dma.o
    0x08000e9c   0x08000e9c   0x00000024   Code   RO         1417    i.HAL_Delay         stm32f1xx_hal.o
    0x08000ec0   0x08000ec0   0x00000014   Code   RO         2131    i.HAL_FLASH_Lock    stm32f1xx_hal_flash.o
    0x08000ed4   0x08000ed4   0x00000080   Code   RO         2136    i.HAL_FLASH_Program  stm32f1xx_hal_flash.o
    0x08000f54   0x08000f54   0x00000028   Code   RO         2138    i.HAL_FLASH_Unlock  stm32f1xx_hal_flash.o
    0x08000f7c   0x08000f7c   0x000001e0   Code   RO         1725    i.HAL_GPIO_Init     stm32f1xx_hal_gpio.o
    0x0800115c   0x0800115c   0x0000000a   Code   RO         1727    i.HAL_GPIO_ReadPin  stm32f1xx_hal_gpio.o
    0x08001166   0x08001166   0x0000000a   Code   RO         1729    i.HAL_GPIO_WritePin  stm32f1xx_hal_gpio.o
    0x08001170   0x08001170   0x0000000c   Code   RO         1421    i.HAL_GetTick       stm32f1xx_hal.o
    0x0800117c   0x0800117c   0x00000010   Code   RO         1427    i.HAL_IncTick       stm32f1xx_hal.o
    0x0800118c   0x0800118c   0x00000024   Code   RO         1428    i.HAL_Init          stm32f1xx_hal.o
    0x080011b0   0x080011b0   0x00000040   Code   RO         1429    i.HAL_InitTick      stm32f1xx_hal.o
    0x080011f0   0x080011f0   0x0000003c   Code   RO          422    i.HAL_MspInit       stm32f1xx_hal_msp.o
    0x0800122c   0x0800122c   0x0000001a   Code   RO         1885    i.HAL_NVIC_EnableIRQ  stm32f1xx_hal_cortex.o
    0x08001246   0x08001246   0x00000002   PAD
    0x08001248   0x08001248   0x00000040   Code   RO         1891    i.HAL_NVIC_SetPriority  stm32f1xx_hal_cortex.o
    0x08001288   0x08001288   0x00000024   Code   RO         1892    i.HAL_NVIC_SetPriorityGrouping  stm32f1xx_hal_cortex.o
    0x080012ac   0x080012ac   0x0000012c   Code   RO         1585    i.HAL_RCC_ClockConfig  stm32f1xx_hal_rcc.o
    0x080013d8   0x080013d8   0x00000020   Code   RO         1592    i.HAL_RCC_GetPCLK1Freq  stm32f1xx_hal_rcc.o
    0x080013f8   0x080013f8   0x00000020   Code   RO         1593    i.HAL_RCC_GetPCLK2Freq  stm32f1xx_hal_rcc.o
    0x08001418   0x08001418   0x0000006c   Code   RO         1594    i.HAL_RCC_GetSysClockFreq  stm32f1xx_hal_rcc.o
    0x08001484   0x08001484   0x00000320   Code   RO         1597    i.HAL_RCC_OscConfig  stm32f1xx_hal_rcc.o
    0x080017a4   0x080017a4   0x00000028   Code   RO         1896    i.HAL_SYSTICK_Config  stm32f1xx_hal_cortex.o
    0x080017cc   0x080017cc   0x00000002   Code   RO         1159    i.HAL_TIMEx_BreakCallback  stm32f1xx_hal_tim_ex.o
    0x080017ce   0x080017ce   0x00000002   Code   RO         1160    i.HAL_TIMEx_CommutCallback  stm32f1xx_hal_tim_ex.o
    0x080017d0   0x080017d0   0x00000042   Code   RO         1177    i.HAL_TIMEx_MasterConfigSynchronization  stm32f1xx_hal_tim_ex.o
    0x08001812   0x08001812   0x00000036   Code   RO          484    i.HAL_TIM_Base_Init  stm32f1xx_hal_tim.o
    0x08001848   0x08001848   0x0000003c   Code   RO          239    i.HAL_TIM_Base_MspInit  tim.o
    0x08001884   0x08001884   0x00000022   Code   RO          489    i.HAL_TIM_Base_Start_IT  stm32f1xx_hal_tim.o
    0x080018a6   0x080018a6   0x000000d6   Code   RO          493    i.HAL_TIM_ConfigClockSource  stm32f1xx_hal_tim.o
    0x0800197c   0x0800197c   0x00000002   Code   RO          513    i.HAL_TIM_IC_CaptureCallback  stm32f1xx_hal_tim.o
    0x0800197e   0x0800197e   0x00000166   Code   RO          527    i.HAL_TIM_IRQHandler  stm32f1xx_hal_tim.o
    0x08001ae4   0x08001ae4   0x00000002   Code   RO          530    i.HAL_TIM_OC_DelayElapsedCallback  stm32f1xx_hal_tim.o
    0x08001ae6   0x08001ae6   0x00000002   Code   RO          557    i.HAL_TIM_PWM_PulseFinishedCallback  stm32f1xx_hal_tim.o
    0x08001ae8   0x08001ae8   0x00000140   Code   RO         2944    i.HAL_TIM_PeriodElapsedCallback  time.o
    0x08001c28   0x08001c28   0x00000002   Code   RO          570    i.HAL_TIM_TriggerCallback  stm32f1xx_hal_tim.o
    0x08001c2a   0x08001c2a   0x00000002   Code   RO         2406    i.HAL_UART_ErrorCallback  stm32f1xx_hal_uart.o
    0x08001c2c   0x08001c2c   0x00000110   Code   RO         2409    i.HAL_UART_IRQHandler  stm32f1xx_hal_uart.o
    0x08001d3c   0x08001d3c   0x00000062   Code   RO         2410    i.HAL_UART_Init     stm32f1xx_hal_uart.o
    0x08001d9e   0x08001d9e   0x00000002   PAD
    0x08001da0   0x08001da0   0x000000d8   Code   RO          281    i.HAL_UART_MspInit  usart.o
    0x08001e78   0x08001e78   0x00000052   Code   RO         2415    i.HAL_UART_Receive_IT  stm32f1xx_hal_uart.o
    0x08001eca   0x08001eca   0x00000002   PAD
    0x08001ecc   0x08001ecc   0x000000ac   Code   RO         2847    i.HAL_UART_RxCpltCallback  debug.o
    0x08001f78   0x08001f78   0x000000ba   Code   RO         2418    i.HAL_UART_Transmit  stm32f1xx_hal_uart.o
    0x08002032   0x08002032   0x00000002   Code   RO         2421    i.HAL_UART_TxCpltCallback  stm32f1xx_hal_uart.o
    0x08002034   0x08002034   0x00000002   Code   RO          330    i.HardFault_Handler  stm32f1xx_it.o
    0x08002036   0x08002036   0x00000002   PAD
    0x08002038   0x08002038   0x00000104   Code   RO          190    i.MX_GPIO_Init      gpio.o
    0x0800213c   0x0800213c   0x00000068   Code   RO          240    i.MX_TIM3_Init      tim.o
    0x080021a4   0x080021a4   0x00000044   Code   RO          282    i.MX_USART1_UART_Init  usart.o
    0x080021e8   0x080021e8   0x00000044   Code   RO          283    i.MX_USART2_UART_Init  usart.o
    0x0800222c   0x0800222c   0x00000002   Code   RO          331    i.MemManage_Handler  stm32f1xx_it.o
    0x0800222e   0x0800222e   0x00000002   Code   RO          332    i.NMI_Handler       stm32f1xx_it.o
    0x08002230   0x08002230   0x0000003c   Code   RO         3130    i.OLED_Clear        oled.o
    0x0800226c   0x0800226c   0x000000fa   Code   RO         3134    i.OLED_Init         oled.o
    0x08002366   0x08002366   0x0000002c   Code   RO         3135    i.OLED_Set_Pos      oled.o
    0x08002392   0x08002392   0x00000002   PAD
    0x08002394   0x08002394   0x00000050   Code   RO         3136    i.OLED_ShowCHinese  oled.o
    0x080023e4   0x080023e4   0x00000064   Code   RO         3137    i.OLED_ShowChar     oled.o
    0x08002448   0x08002448   0x00000032   Code   RO         3139    i.OLED_ShowString   oled.o
    0x0800247a   0x0800247a   0x00000002   PAD
    0x0800247c   0x0800247c   0x00000080   Code   RO         3140    i.OLED_WR_Byte      oled.o
    0x080024fc   0x080024fc   0x0000009c   Code   RO         2751    i.OneNet_FillBuf    app.o
    0x08002598   0x08002598   0x00000002   Code   RO          333    i.PendSV_Handler    stm32f1xx_it.o
    0x0800259a   0x0800259a   0x00000002   PAD
    0x0800259c   0x0800259c   0x00000274   Code   RO         2752    i.Rxbuffnalysis     app.o
    0x08002810   0x08002810   0x0000001a   Code   RO         3245    i.STMFLASH_Read     flashasve.o
    0x0800282a   0x0800282a   0x00000002   PAD
    0x0800282c   0x0800282c   0x00000060   Code   RO         3294    i.STMFLASH_Read_Data  datasave.o
    0x0800288c   0x0800288c   0x000000e0   Code   RO         3247    i.STMFLASH_Write    flashasve.o
    0x0800296c   0x0800296c   0x0000004c   Code   RO         3295    i.STMFLASH_Write_Data  datasave.o
    0x080029b8   0x080029b8   0x0000002c   Code   RO         3248    i.STMFLASH_Write_NoCheck  flashasve.o
    0x080029e4   0x080029e4   0x00000002   Code   RO          334    i.SVC_Handler       stm32f1xx_it.o
    0x080029e6   0x080029e6   0x00000002   PAD
    0x080029e8   0x080029e8   0x000000f8   Code   RO         2895    i.SendCmd           esp8266.o
    0x08002ae0   0x08002ae0   0x00000038   Code   RO         3296    i.SoftReset         datasave.o
    0x08002b18   0x08002b18   0x00000078   Code   RO         2753    i.SysInit           app.o
    0x08002b90   0x08002b90   0x0000000e   Code   RO          335    i.SysTick_Handler   stm32f1xx_it.o
    0x08002b9e   0x08002b9e   0x0000004e   Code   RO           14    i.SystemClock_Config  main.o
    0x08002bec   0x08002bec   0x00000048   Code   RO         2712    i.SystemInit        system_stm32f1xx.o
    0x08002c34   0x08002c34   0x0000000c   Code   RO          336    i.TIM3_IRQHandler   stm32f1xx_it.o
    0x08002c40   0x08002c40   0x0000006c   Code   RO          572    i.TIM_Base_SetConfig  stm32f1xx_hal_tim.o
    0x08002cac   0x08002cac   0x00000014   Code   RO          583    i.TIM_ETR_SetConfig  stm32f1xx_hal_tim.o
    0x08002cc0   0x08002cc0   0x00000010   Code   RO          584    i.TIM_ITRx_SetConfig  stm32f1xx_hal_tim.o
    0x08002cd0   0x08002cd0   0x00000022   Code   RO          590    i.TIM_TI1_ConfigInputStage  stm32f1xx_hal_tim.o
    0x08002cf2   0x08002cf2   0x00000024   Code   RO          592    i.TIM_TI2_ConfigInputStage  stm32f1xx_hal_tim.o
    0x08002d16   0x08002d16   0x00000010   Code   RO         2423    i.UART_DMAAbortOnError  stm32f1xx_hal_uart.o
    0x08002d26   0x08002d26   0x0000001c   Code   RO         2433    i.UART_EndRxTransfer  stm32f1xx_hal_uart.o
    0x08002d42   0x08002d42   0x00000096   Code   RO         2435    i.UART_Receive_IT   stm32f1xx_hal_uart.o
    0x08002dd8   0x08002dd8   0x000000b8   Code   RO         2436    i.UART_SetConfig    stm32f1xx_hal_uart.o
    0x08002e90   0x08002e90   0x00000062   Code   RO         2437    i.UART_Transmit_IT  stm32f1xx_hal_uart.o
    0x08002ef2   0x08002ef2   0x00000064   Code   RO         2438    i.UART_WaitOnFlagUntilTimeout  stm32f1xx_hal_uart.o
    0x08002f56   0x08002f56   0x00000002   PAD
    0x08002f58   0x08002f58   0x0000000c   Code   RO          337    i.USART1_IRQHandler  stm32f1xx_it.o
    0x08002f64   0x08002f64   0x0000000c   Code   RO          338    i.USART2_IRQHandler  stm32f1xx_it.o
    0x08002f70   0x08002f70   0x00000002   Code   RO          339    i.UsageFault_Handler  stm32f1xx_it.o
    0x08002f72   0x08002f72   0x00000002   PAD
    0x08002f74   0x08002f74   0x0000010c   Code   RO         2754    i.WifiRxDataProcess  app.o
    0x08003080   0x08003080   0x00000028   Code   RO         3596    i.__0sprintf        mc_w.l(printfa.o)
    0x080030a8   0x080030a8   0x0000002c   Code   RO         3599    i.__0vsnprintf      mc_w.l(printfa.o)
    0x080030d4   0x080030d4   0x00000020   Code   RO         1898    i.__NVIC_SetPriority  stm32f1xx_hal_cortex.o
    0x080030f4   0x080030f4   0x0000000e   Code   RO         3666    i.__scatterload_copy  mc_w.l(handlers.o)
    0x08003102   0x08003102   0x00000002   Code   RO         3667    i.__scatterload_null  mc_w.l(handlers.o)
    0x08003104   0x08003104   0x0000000e   Code   RO         3668    i.__scatterload_zeroinit  mc_w.l(handlers.o)
    0x08003112   0x08003112   0x00000002   PAD
    0x08003114   0x08003114   0x00000184   Code   RO         3601    i._fp_digits        mc_w.l(printfa.o)
    0x08003298   0x08003298   0x000006dc   Code   RO         3602    i._printf_core      mc_w.l(printfa.o)
    0x08003974   0x08003974   0x00000024   Code   RO         3603    i._printf_post_padding  mc_w.l(printfa.o)
    0x08003998   0x08003998   0x0000002e   Code   RO         3604    i._printf_pre_padding  mc_w.l(printfa.o)
    0x080039c6   0x080039c6   0x00000016   Code   RO         3605    i._snputc           mc_w.l(printfa.o)
    0x080039dc   0x080039dc   0x0000000a   Code   RO         3606    i._sputc            mc_w.l(printfa.o)
    0x080039e6   0x080039e6   0x00000008   Code   RO         2755    i.buffClear         app.o
    0x080039ee   0x080039ee   0x00000002   PAD
    0x080039f0   0x080039f0   0x0000003c   Code   RO         2756    i.buffInit          app.o
    0x08003a2c   0x08003a2c   0x0000001a   Code   RO         3046    i.delay_ms          delay.o
    0x08003a46   0x08003a46   0x0000002c   Code   RO         3047    i.delay_us          delay.o
    0x08003a72   0x08003a72   0x00000002   PAD
    0x08003a74   0x08003a74   0x000001b4   Code   RO         2757    i.deviceInfoInit    app.o
    0x08003c28   0x08003c28   0x000000b0   Code   RO         3141    i.displayAPP        oled.o
    0x08003cd8   0x08003cd8   0x00000018   Code   RO         2979    i.humiCtrl          dht11.o
    0x08003cf0   0x08003cf0   0x00000016   Code   RO         2758    i.infoReport        app.o
    0x08003d06   0x08003d06   0x00000002   PAD
    0x08003d08   0x08003d08   0x000001cc   Code   RO         2759    i.infoUpdate        app.o
    0x08003ed4   0x08003ed4   0x000000a4   Code   RO         2760    i.infoUpdateTimeCallback  app.o
    0x08003f78   0x08003f78   0x00000018   Code   RO         3076    i.lightCtrl         lightsensor.o
    0x08003f90   0x08003f90   0x00000018   Code   RO         3077    i.lightSensorGet    lightsensor.o
    0x08003fa8   0x08003fa8   0x00000030   Code   RO           15    i.main              main.o
    0x08003fd8   0x08003fd8   0x00000064   Code   RO         3142    i.oledInit          oled.o
    0x0800403c   0x0800403c   0x0000005c   Code   RO         3143    i.oledInitSuc       oled.o
    0x08004098   0x08004098   0x0000009c   Code   RO         2761    i.sensorInfoGet     app.o
    0x08004134   0x08004134   0x00000018   Code   RO         2980    i.tempCtrl          dht11.o
    0x0800414c   0x0800414c   0x000000f4   Code   RO         3297    i.uartDataAnalyze   datasave.o
    0x08004240   0x08004240   0x00000018   Code   RO         3106    i.warningCtrl       warning.o
    0x08004258   0x08004258   0x00000010   Data   RO         2713    .constdata          system_stm32f1xx.o
    0x08004268   0x08004268   0x00000008   Data   RO         2714    .constdata          system_stm32f1xx.o
    0x08004270   0x08004270   0x000005f0   Data   RO         3146    .constdata          oled.o
    0x08004860   0x08004860   0x000000dd   Data   RO         2763    .conststring        app.o
    0x0800493d   0x0800493d   0x00000003   PAD
    0x08004940   0x08004940   0x00000020   Data   RO         3664    Region$$Table       anon$$obj.o


    Execution Region RW_IRAM1 (Exec base: 0x20000000, Load base: 0x08004960, Size: 0x00003378, Max: 0x00005000, ABSOLUTE, COMPRESSED[0x00000170])

    Exec Addr    Load Addr    Size         Type   Attr      Idx    E Section Name        Object

    0x20000000   COMPRESSED   0x0000000c   Data   RW         1435    .data               stm32f1xx_hal.o
    0x2000000c   COMPRESSED   0x00000004   Data   RW         2715    .data               system_stm32f1xx.o
    0x20000010   COMPRESSED   0x0000001c   Data   RW         2764    .data               app.o
    0x2000002c   COMPRESSED   0x00000010   Data   RW         2849    .data               debug.o
    0x2000003c   COMPRESSED   0x00000300   Data   RW         3147    .data               oled.o
    0x2000033c        -       0x00000040   Zero   RW          241    .bss                tim.o
    0x2000037c        -       0x00000080   Zero   RW          284    .bss                usart.o
    0x200003fc   COMPRESSED   0x00000004   PAD
    0x20000400        -       0x00000020   Zero   RW         2139    .bss                stm32f1xx_hal_flash.o
    0x20000420        -       0x0000128a   Zero   RW         2762    .bss                app.o
    0x200016aa        -       0x00000400   Zero   RW         2848    .bss                debug.o
    0x20001aaa        -       0x00000800   Zero   RW         3250    .bss                flashasve.o
    0x200022aa        -       0x000000c8   Zero   RW         3298    .bss                datasave.o
    0x20002372   COMPRESSED   0x00000006   PAD
    0x20002378        -       0x00001000   Zero   RW            1    STACK               startup_stm32f103xb.o


==============================================================================

Image component sizes


      Code (inc. data)   RO Data    RW Data    ZI Data      Debug   Object Name

      2702        778        221         28       4746      10267   app.o
       472        118          0          0        200      32295   datasave.o
       232         38          0         16       1024       2872   debug.o
        70          0          0          0          0       1134   delay.o
       458         40          0          0          0       5549   dht11.o
      1020        384          0          0          0       4134   esp8266.o
       294          8          0          0       2048       3025   flashasve.o
       260         18          0          0          0        987   gpio.o
        48          8          0          0          0       1277   lightsensor.o
       128          6          0          0          0     429900   main.o
      1080         98       1520        768          0       6892   oled.o
        36          8        236          0       4096        804   startup_stm32f103xb.o
       164         28          0         12          0       5913   stm32f1xx_hal.o
       198         14          0          0          0      28947   stm32f1xx_hal_cortex.o
       152          4          0          0          0       1103   stm32f1xx_hal_dma.o
       392         46          0          0         32       4746   stm32f1xx_hal_flash.o
        36          8          0          0          0       1841   stm32f1xx_hal_flash_ex.o
       500         34          0          0          0       3519   stm32f1xx_hal_gpio.o
        60          8          0          0          0        850   stm32f1xx_hal_msp.o
      1272        100          0          0          0       5204   stm32f1xx_hal_rcc.o
       882         14          0          0          0       9569   stm32f1xx_hal_tim.o
        70          0          0          0          0       2357   stm32f1xx_hal_tim_ex.o
      1218         12          0          0          0       9335   stm32f1xx_hal_uart.o
        66         18          0          0          0       5128   stm32f1xx_it.o
        72         16         24          4          0       1163   system_stm32f1xx.o
       164         20          0          0         64       1626   tim.o
       320         80          0          0          0        944   time.o
       352         46          0          0        128       2283   usart.o
        24          6          0          0          0        462   warning.o

    ----------------------------------------------------------------------
     12778       1958       2036        828      12348     584126   Object Totals
         0          0         32          0          0          0   (incl. Generated)
        36          0          3          0         10          0   (incl. Padding)

    ----------------------------------------------------------------------

      Code (inc. data)   RO Data    RW Data    ZI Data      Debug   Library Member Name

        86          0          0          0          0          0   __dczerorl2.o
         0          0          0          0          0          0   entry.o
         0          0          0          0          0          0   entry10a.o
         0          0          0          0          0          0   entry11a.o
         8          4          0          0          0          0   entry2.o
         4          0          0          0          0          0   entry5.o
         0          0          0          0          0          0   entry7b.o
         0          0          0          0          0          0   entry8b.o
         8          4          0          0          0          0   entry9a.o
        30          0          0          0          0          0   handlers.o
        36          8          0          0          0         68   init.o
         0          0          0          0          0          0   iusefp.o
        30          0          0          0          0         68   llshl.o
        36          0          0          0          0         68   llsshr.o
        32          0          0          0          0         68   llushr.o
        36          0          0          0          0         68   memcpya.o
        36          0          0          0          0        108   memseta.o
      2342         90          0          0          0        668   printfa.o
        24          0          0          0          0         68   strcat.o
        14          0          0          0          0         68   strlen.o
        36          0          0          0          0         80   strstr.o
        44          0          0          0          0         80   uidiv.o
        98          0          0          0          0         92   uldiv.o
        48          0          0          0          0         68   cdrcmple.o
       334          0          0          0          0        148   dadd.o
       222          0          0          0          0        100   ddiv.o
       186          0          0          0          0        176   depilogue.o
        48          0          0          0          0         68   dfixul.o
       228          0          0          0          0         96   dmul.o

    ----------------------------------------------------------------------
      3970        106          0          0          0       2160   Library Totals
         4          0          0          0          0          0   (incl. Padding)

    ----------------------------------------------------------------------

      Code (inc. data)   RO Data    RW Data    ZI Data      Debug   Library Name

      2900        106          0          0          0       1504   mc_w.l
      1066          0          0          0          0        656   mf_w.l

    ----------------------------------------------------------------------
      3970        106          0          0          0       2160   Library Totals

    ----------------------------------------------------------------------

==============================================================================


      Code (inc. data)   RO Data    RW Data    ZI Data      Debug   

     16748       2064       2036        828      12348     578718   Grand Totals
     16748       2064       2036        368      12348     578718   ELF Image Totals (compressed)
     16748       2064       2036        368          0          0   ROM Totals

==============================================================================

    Total RO  Size (Code + RO Data)                18784 (  18.34kB)
    Total RW  Size (RW Data + ZI Data)             13176 (  12.87kB)
    Total ROM Size (Code + RO Data + RW Data)      19152 (  18.70kB)

==============================================================================

